===== EXAM h_trend_168 =====
[criterion 9] permutation x200 ... (minutes)

=== HOURLY EXAM: h_trend_168 ===
main windows 32 (8 pairs, 0 dropped for gaps) | holdout windows 8 | trades 2562
stitched -100.0% vs B&H -100.0% (net -100.0%)
Sharpe -5.16 vs luck hurdle 1.09 (K=40 trials) | permutation p=0.7761
  [PASS] 1_sample   (>=24 win, >=4 pairs)
  [FAIL] 2_safety   (DD never worse)
  [FAIL] 3_riskedge (shallower >=60%)
  [FAIL] 4_return   (>= B&H net-to-net)
  [PASS] 5_activity (>=4 trades)
  [FAIL] 6_feestress(2-4 hold @1.5x)
  [FAIL] 7_beatsdaily(no daily pass -> =4)
  [FAIL] 8_holdout  (2-4 on final 120d)
  [FAIL] 9_notluck  (p<0.05 & SR>hurdle)
VERDICT: FAIL - control only
saved -> /Users/haroonrasheed/Projects/cryptobot/backtest/results/exam1h_h_trend_168_2026-08-02.csv
ledger -> /Users/haroonrasheed/Projects/cryptobot/backtest/results/exam_ledger.csv (timeframe=1h)
exit=0 done-h_trend_168
===== EXAM h_cross_24_168 =====
[criterion 9] permutation x200 ... (minutes)
===== EXAM h_cross_24_168 =====
[criterion 9] permutation x200 ... (minutes)

=== HOURLY EXAM: h_cross_24_168 ===
main windows 32 (8 pairs, 0 dropped for gaps) | holdout windows 8 | trades 676
stitched -100.0% vs B&H -100.0% (net -100.0%)
Sharpe -3.05 vs luck hurdle 1.10 (K=41 trials) | permutation p=0.9502
  [PASS] 1_sample   (>=24 win, >=4 pairs)
  [FAIL] 2_safety   (DD never worse)
  [PASS] 3_riskedge (shallower >=60%)
  [FAIL] 4_return   (>= B&H net-to-net)
  [PASS] 5_activity (>=4 trades)
  [FAIL] 6_feestress(2-4 hold @1.5x)
  [FAIL] 7_beatsdaily(no daily pass -> =4)
  [FAIL] 8_holdout  (2-4 on final 120d)
  [FAIL] 9_notluck  (p<0.05 & SR>hurdle)
VERDICT: FAIL - control only
saved -> /Users/haroonrasheed/Projects/cryptobot/backtest/results/exam1h_h_cross_24_168_2026-08-02.csv
ledger -> /Users/haroonrasheed/Projects/cryptobot/backtest/results/exam_ledger.csv (timeframe=1h)
exit=0 done-h_cross_24_168
===== EXAM h_tsmom_72 =====
[criterion 9] permutation x200 ... (minutes)

=== HOURLY EXAM: h_tsmom_72 ===
main windows 32 (8 pairs, 0 dropped for gaps) | holdout windows 8 | trades 3244
stitched -100.0% vs B&H -100.0% (net -100.0%)
Sharpe -6.11 vs luck hurdle 1.10 (K=42 trials) | permutation p=0.8109
  [PASS] 1_sample   (>=24 win, >=4 pairs)
  [FAIL] 2_safety   (DD never worse)
  [FAIL] 3_riskedge (shallower >=60%)
  [FAIL] 4_return   (>= B&H net-to-net)
  [PASS] 5_activity (>=4 trades)
  [FAIL] 6_feestress(2-4 hold @1.5x)
  [FAIL] 7_beatsdaily(no daily pass -> =4)
  [FAIL] 8_holdout  (2-4 on final 120d)
  [FAIL] 9_notluck  (p<0.05 & SR>hurdle)
VERDICT: FAIL - control only
saved -> /Users/haroonrasheed/Projects/cryptobot/backtest/results/exam1h_h_tsmom_72_2026-08-02.csv
ledger -> /Users/haroonrasheed/Projects/cryptobot/backtest/results/exam_ledger.csv (timeframe=1h)
exit=0 done-h_tsmom_72
===== EXAM h_macd_12_26 =====
[criterion 9] permutation x200 ... (minutes)

=== HOURLY EXAM: h_macd_12_26 ===
main windows 32 (8 pairs, 0 dropped for gaps) | holdout windows 8 | trades 5328
stitched -100.0% vs B&H -100.0% (net -100.0%)
Sharpe -8.34 vs luck hurdle 1.11 (K=43 trials) | permutation p=1.0000
  [PASS] 1_sample   (>=24 win, >=4 pairs)
  [FAIL] 2_safety   (DD never worse)
  [FAIL] 3_riskedge (shallower >=60%)
  [FAIL] 4_return   (>= B&H net-to-net)
  [PASS] 5_activity (>=4 trades)
  [FAIL] 6_feestress(2-4 hold @1.5x)
  [FAIL] 7_beatsdaily(no daily pass -> =4)
  [FAIL] 8_holdout  (2-4 on final 120d)
  [FAIL] 9_notluck  (p<0.05 & SR>hurdle)
VERDICT: FAIL - control only
saved -> /Users/haroonrasheed/Projects/cryptobot/backtest/results/exam1h_h_macd_12_26_2026-08-02.csv
ledger -> /Users/haroonrasheed/Projects/cryptobot/backtest/results/exam_ledger.csv (timeframe=1h)
exit=0 done-h_macd_12_26
===== EXAM h_donch_48_24 =====
[criterion 9] permutation x200 ... (minutes)

=== HOURLY EXAM: h_donch_48_24 ===
main windows 32 (8 pairs, 0 dropped for gaps) | holdout windows 8 | trades 1223
stitched -100.0% vs B&H -100.0% (net -100.0%)
Sharpe -3.16 vs luck hurdle 1.11 (K=44 trials) | permutation p=0.4975
  [PASS] 1_sample   (>=24 win, >=4 pairs)
  [FAIL] 2_safety   (DD never worse)
  [PASS] 3_riskedge (shallower >=60%)
  [FAIL] 4_return   (>= B&H net-to-net)
  [PASS] 5_activity (>=4 trades)
  [FAIL] 6_feestress(2-4 hold @1.5x)
  [FAIL] 7_beatsdaily(no daily pass -> =4)
  [FAIL] 8_holdout  (2-4 on final 120d)
  [FAIL] 9_notluck  (p<0.05 & SR>hurdle)
VERDICT: FAIL - control only
saved -> /Users/haroonrasheed/Projects/cryptobot/backtest/results/exam1h_h_donch_48_24_2026-08-02.csv
ledger -> /Users/haroonrasheed/Projects/cryptobot/backtest/results/exam_ledger.csv (timeframe=1h)
exit=0 done-h_donch_48_24
===== EXAM h_volbrk_24_96 =====
[criterion 9] permutation x200 ... (minutes)

=== HOURLY EXAM: h_volbrk_24_96 ===
main windows 32 (8 pairs, 0 dropped for gaps) | holdout windows 8 | trades 1569
stitched -100.0% vs B&H -100.0% (net -100.0%)
Sharpe -3.44 vs luck hurdle 1.12 (K=45 trials) | permutation p=0.6020
  [PASS] 1_sample   (>=24 win, >=4 pairs)
  [FAIL] 2_safety   (DD never worse)
  [FAIL] 3_riskedge (shallower >=60%)
  [FAIL] 4_return   (>= B&H net-to-net)
  [PASS] 5_activity (>=4 trades)
  [FAIL] 6_feestress(2-4 hold @1.5x)
  [FAIL] 7_beatsdaily(no daily pass -> =4)
  [FAIL] 8_holdout  (2-4 on final 120d)
  [FAIL] 9_notluck  (p<0.05 & SR>hurdle)
VERDICT: FAIL - control only
saved -> /Users/haroonrasheed/Projects/cryptobot/backtest/results/exam1h_h_volbrk_24_96_2026-08-02.csv
ledger -> /Users/haroonrasheed/Projects/cryptobot/backtest/results/exam_ledger.csv (timeframe=1h)
exit=0 done-h_volbrk_24_96
===== EXAM h_rsi14_reg168 =====
[criterion 9] permutation x200 ... (minutes)

=== HOURLY EXAM: h_rsi14_reg168 ===
main windows 32 (8 pairs, 0 dropped for gaps) | holdout windows 8 | trades 466
stitched -97.1% vs B&H -100.0% (net -100.0%)
Sharpe -3.43 vs luck hurdle 1.12 (K=46 trials) | permutation p=0.2189
  [PASS] 1_sample   (>=24 win, >=4 pairs)
  [PASS] 2_safety   (DD never worse)
  [PASS] 3_riskedge (shallower >=60%)
  [PASS] 4_return   (>= B&H net-to-net)
  [PASS] 5_activity (>=4 trades)
  [FAIL] 6_feestress(2-4 hold @1.5x)
  [PASS] 7_beatsdaily(no daily pass -> =4)
  [PASS] 8_holdout  (2-4 on final 120d)
  [FAIL] 9_notluck  (p<0.05 & SR>hurdle)
VERDICT: FAIL - control only
saved -> /Users/haroonrasheed/Projects/cryptobot/backtest/results/exam1h_h_rsi14_reg168_2026-08-02.csv
ledger -> /Users/haroonrasheed/Projects/cryptobot/backtest/results/exam_ledger.csv (timeframe=1h)
exit=0 done-h_rsi14_reg168
===== EXAM h_boll_48 =====
[criterion 9] permutation x200 ... (minutes)

=== HOURLY EXAM: h_boll_48 ===
main windows 32 (8 pairs, 0 dropped for gaps) | holdout windows 8 | trades 1415
stitched -100.0% vs B&H -100.0% (net -100.0%)
Sharpe -3.05 vs luck hurdle 1.13 (K=47 trials) | permutation p=0.4826
  [PASS] 1_sample   (>=24 win, >=4 pairs)
  [FAIL] 2_safety   (DD never worse)
  [PASS] 3_riskedge (shallower >=60%)
  [FAIL] 4_return   (>= B&H net-to-net)
  [PASS] 5_activity (>=4 trades)
  [FAIL] 6_feestress(2-4 hold @1.5x)
  [FAIL] 7_beatsdaily(no daily pass -> =4)
  [FAIL] 8_holdout  (2-4 on final 120d)
  [FAIL] 9_notluck  (p<0.05 & SR>hurdle)
VERDICT: FAIL - control only
saved -> /Users/haroonrasheed/Projects/cryptobot/backtest/results/exam1h_h_boll_48_2026-08-02.csv
ledger -> /Users/haroonrasheed/Projects/cryptobot/backtest/results/exam_ledger.csv (timeframe=1h)
exit=0 done-h_boll_48
===== EXAM h_calm_24_168 =====
[criterion 9] permutation x200 ... (minutes)

=== HOURLY EXAM: h_calm_24_168 ===
main windows 32 (8 pairs, 0 dropped for gaps) | holdout windows 8 | trades 2491
stitched -100.0% vs B&H -100.0% (net -100.0%)
Sharpe -4.56 vs luck hurdle 1.13 (K=48 trials) | permutation p=0.0050
  [PASS] 1_sample   (>=24 win, >=4 pairs)
  [FAIL] 2_safety   (DD never worse)
  [FAIL] 3_riskedge (shallower >=60%)
  [FAIL] 4_return   (>= B&H net-to-net)
  [PASS] 5_activity (>=4 trades)
  [FAIL] 6_feestress(2-4 hold @1.5x)
  [FAIL] 7_beatsdaily(no daily pass -> =4)
  [FAIL] 8_holdout  (2-4 on final 120d)
  [FAIL] 9_notluck  (p<0.05 & SR>hurdle)
VERDICT: FAIL - control only
saved -> /Users/haroonrasheed/Projects/cryptobot/backtest/results/exam1h_h_calm_24_168_2026-08-02.csv
ledger -> /Users/haroonrasheed/Projects/cryptobot/backtest/results/exam_ledger.csv (timeframe=1h)
exit=0 done-h_calm_24_168
===== EXAM h_nearhi_168 =====
[criterion 9] permutation x200 ... (minutes)

=== HOURLY EXAM: h_nearhi_168 ===
main windows 32 (8 pairs, 0 dropped for gaps) | holdout windows 8 | trades 2287
stitched -100.0% vs B&H -100.0% (net -100.0%)
Sharpe -5.11 vs luck hurdle 1.13 (K=49 trials) | permutation p=0.7214
  [PASS] 1_sample   (>=24 win, >=4 pairs)
  [FAIL] 2_safety   (DD never worse)
  [FAIL] 3_riskedge (shallower >=60%)
  [FAIL] 4_return   (>= B&H net-to-net)
  [PASS] 5_activity (>=4 trades)
  [FAIL] 6_feestress(2-4 hold @1.5x)
  [FAIL] 7_beatsdaily(no daily pass -> =4)
  [FAIL] 8_holdout  (2-4 on final 120d)
  [FAIL] 9_notluck  (p<0.05 & SR>hurdle)
VERDICT: FAIL - control only
saved -> /Users/haroonrasheed/Projects/cryptobot/backtest/results/exam1h_h_nearhi_168_2026-08-02.csv
ledger -> /Users/haroonrasheed/Projects/cryptobot/backtest/results/exam_ledger.csv (timeframe=1h)
exit=0 done-h_nearhi_168
BATCH_COMPLETE
