Downloading 3600s candles, 365d, for 25 pairs

[ 1/25] BTC-USD      fetching...
  ...300 candles so far (back to 2026-07-12)
  ...600 candles so far (back to 2026-06-29)
  ...900 candles so far (back to 2026-06-17)
  ...1200 candles so far (back to 2026-06-04)
  ...1500 candles so far (back to 2026-05-23)
  ...1800 candles so far (back to 2026-05-10)
  ...2095 candles so far (back to 2026-04-28)
  ...2395 candles so far (back to 2026-04-15)
  ...2695 candles so far (back to 2026-04-03)
  ...2995 candles so far (back to 2026-03-21)
  ...3295 candles so far (back to 2026-03-09)
  ...3595 candles so far (back to 2026-02-24)
  ...3895 candles so far (back to 2026-02-12)
  ...4195 candles so far (back to 2026-01-30)
  ...4495 candles so far (back to 2026-01-18)
  ...4795 candles so far (back to 2026-01-05)
  ...5095 candles so far (back to 2025-12-24)
  ...5395 candles so far (back to 2025-12-11)
  ...5695 candles so far (back to 2025-11-29)
  ...5995 candles so far (back to 2025-11-16)
  ...6295 candles so far (back to 2025-11-04)
  ...6590 candles so far (back to 2025-10-22)
  ...6890 candles so far (back to 2025-10-10)
  ...7190 candles so far (back to 2025-09-27)
  ...7490 candles so far (back to 2025-09-15)
  ...7790 candles so far (back to 2025-09-02)
  ...8090 candles so far (back to 2025-08-21)
  ...8390 candles so far (back to 2025-08-08)
  ...8690 candles so far (back to 2025-07-27)
  ...8750 candles so far (back to 2025-07-24)
              -> 8750 candles
[ 2/25] ETH-USD      fetching...
  ...300 candles so far (back to 2026-07-12)
  ...600 candles so far (back to 2026-06-29)
  ...900 candles so far (back to 2026-06-17)
  ...1200 candles so far (back to 2026-06-04)
  ...1500 candles so far (back to 2026-05-23)
  ...1800 candles so far (back to 2026-05-10)
  ...2095 candles so far (back to 2026-04-28)
  ...2395 candles so far (back to 2026-04-15)
  ...2695 candles so far (back to 2026-04-03)
  ...2995 candles so far (back to 2026-03-21)
  ...3295 candles so far (back to 2026-03-09)
  ...3595 candles so far (back to 2026-02-24)
  ...3895 candles so far (back to 2026-02-12)
  ...4195 candles so far (back to 2026-01-30)
  ...4495 candles so far (back to 2026-01-18)
  ...4795 candles so far (back to 2026-01-05)
  ...5095 candles so far (back to 2025-12-24)
  ...5395 candles so far (back to 2025-12-11)
  ...5695 candles so far (back to 2025-11-29)
  ...5995 candles so far (back to 2025-11-16)
  ...6295 candles so far (back to 2025-11-04)
  ...6590 candles so far (back to 2025-10-22)
  ...6890 candles so far (back to 2025-10-10)
  ...7190 candles so far (back to 2025-09-27)
  ...7490 candles so far (back to 2025-09-15)
  ...7790 candles so far (back to 2025-09-02)
  ...8090 candles so far (back to 2025-08-21)
  ...8390 candles so far (back to 2025-08-08)
  ...8690 candles so far (back to 2025-07-27)
  ...8750 candles so far (back to 2025-07-24)
              -> 8750 candles
[ 3/25] XRP-USD      fetching...
  ...300 candles so far (back to 2026-07-12)
  ...600 candles so far (back to 2026-06-29)
  ...900 candles so far (back to 2026-06-17)
  ...1200 candles so far (back to 2026-06-04)
  ...1500 candles so far (back to 2026-05-23)
  ...1800 candles so far (back to 2026-05-10)
  ...2095 candles so far (back to 2026-04-28)
  ...2395 candles so far (back to 2026-04-15)
  ...2695 candles so far (back to 2026-04-03)
  ...2995 candles so far (back to 2026-03-21)
  ...3295 candles so far (back to 2026-03-09)
  ...3595 candles so far (back to 2026-02-24)
  ...3895 candles so far (back to 2026-02-12)
  ...4195 candles so far (back to 2026-01-30)
  ...4495 candles so far (back to 2026-01-18)
  ...4795 candles so far (back to 2026-01-05)
  ...5095 candles so far (back to 2025-12-24)
  ...5395 candles so far (back to 2025-12-11)
  ...5695 candles so far (back to 2025-11-29)
  ...5995 candles so far (back to 2025-11-16)
  ...6295 candles so far (back to 2025-11-04)
  ...6590 candles so far (back to 2025-10-22)
  ...6890 candles so far (back to 2025-10-10)
  ...7190 candles so far (back to 2025-09-27)
  ...7490 candles so far (back to 2025-09-15)
  ...7790 candles so far (back to 2025-09-02)
  ...8090 candles so far (back to 2025-08-21)
  ...8390 candles so far (back to 2025-08-08)
  ...8690 candles so far (back to 2025-07-27)
  ...8750 candles so far (back to 2025-07-24)
              -> 8750 candles
[ 4/25] SOL-USD      fetching...
  ...300 candles so far (back to 2026-07-12)
  ...600 candles so far (back to 2026-06-29)
  ...900 candles so far (back to 2026-06-17)
  ...1200 candles so far (back to 2026-06-04)
  ...1500 candles so far (back to 2026-05-23)
  ...1800 candles so far (back to 2026-05-10)
  ...2095 candles so far (back to 2026-04-28)
  ...2395 candles so far (back to 2026-04-15)
  ...2695 candles so far (back to 2026-04-03)
  ...2995 candles so far (back to 2026-03-21)
  ...3295 candles so far (back to 2026-03-09)
  ...3595 candles so far (back to 2026-02-24)
  ...3895 candles so far (back to 2026-02-12)
  ...4195 candles so far (back to 2026-01-30)
  ...4495 candles so far (back to 2026-01-18)
  ...4795 candles so far (back to 2026-01-05)
  ...5095 candles so far (back to 2025-12-24)
  ...5395 candles so far (back to 2025-12-11)
  ...5695 candles so far (back to 2025-11-29)
  ...5995 candles so far (back to 2025-11-16)
  ...6295 candles so far (back to 2025-11-04)
  ...6590 candles so far (back to 2025-10-22)
  ...6890 candles so far (back to 2025-10-10)
  ...7190 candles so far (back to 2025-09-27)
  ...7490 candles so far (back to 2025-09-15)
  ...7790 candles so far (back to 2025-09-02)
  ...8090 candles so far (back to 2025-08-21)
  ...8390 candles so far (back to 2025-08-08)
  ...8690 candles so far (back to 2025-07-27)
  ...8750 candles so far (back to 2025-07-24)
              -> 8750 candles
[ 5/25] HYPE-USD     fetching...
  ...300 candles so far (back to 2026-07-12)
  ...600 candles so far (back to 2026-06-29)
  ...900 candles so far (back to 2026-06-17)
  ...1200 candles so far (back to 2026-06-04)
  ...1500 candles so far (back to 2026-05-23)
  ...1800 candles so far (back to 2026-05-10)
  ...2095 candles so far (back to 2026-04-28)
  ...2395 candles so far (back to 2026-04-15)
  ...2695 candles so far (back to 2026-04-03)
  ...2995 candles so far (back to 2026-03-21)
  ...3295 candles so far (back to 2026-03-09)
  ...3595 candles so far (back to 2026-02-24)
  ...3895 candles so far (back to 2026-02-12)
  ...4053 candles so far (back to 2026-01-30)
              -> 4053 candles
[ 6/25] ZEC-USD      fetching...
  ...300 candles so far (back to 2026-07-12)
  ...600 candles so far (back to 2026-06-29)
  ...900 candles so far (back to 2026-06-17)
  ...1200 candles so far (back to 2026-06-04)
  ...1500 candles so far (back to 2026-05-23)
  ...1800 candles so far (back to 2026-05-10)
  ...2095 candles so far (back to 2026-04-28)
  ...2395 candles so far (back to 2026-04-15)
  ...2695 candles so far (back to 2026-04-03)
  ...2995 candles so far (back to 2026-03-21)
  ...3295 candles so far (back to 2026-03-09)
  ...3595 candles so far (back to 2026-02-24)
  ...3895 candles so far (back to 2026-02-12)
  ...4195 candles so far (back to 2026-01-30)
  ...4495 candles so far (back to 2026-01-18)
  ...4795 candles so far (back to 2026-01-05)
  ...5095 candles so far (back to 2025-12-24)
  ...5395 candles so far (back to 2025-12-11)
  ...5695 candles so far (back to 2025-11-29)
  ...5995 candles so far (back to 2025-11-16)
  ...6295 candles so far (back to 2025-11-04)
  ...6590 candles so far (back to 2025-10-22)
  ...6890 candles so far (back to 2025-10-10)
  ...7190 candles so far (back to 2025-09-27)
  ...7490 candles so far (back to 2025-09-15)
  ...7790 candles so far (back to 2025-09-02)
  ...8090 candles so far (back to 2025-08-21)
  ...8390 candles so far (back to 2025-08-08)
  ...8690 candles so far (back to 2025-07-27)
  ...8750 candles so far (back to 2025-07-24)
              -> 8750 candles
[ 7/25] XLM-USD      fetching...
  ...300 candles so far (back to 2026-07-12)
  ...600 candles so far (back to 2026-06-29)
  ...900 candles so far (back to 2026-06-17)
  ...1200 candles so far (back to 2026-06-04)
  ...1500 candles so far (back to 2026-05-23)
  ...1800 candles so far (back to 2026-05-10)
  ...2095 candles so far (back to 2026-04-28)
  ...2395 candles so far (back to 2026-04-15)
  ...2695 candles so far (back to 2026-04-03)
  ...2995 candles so far (back to 2026-03-21)
  ...3295 candles so far (back to 2026-03-09)
  ...3595 candles so far (back to 2026-02-24)
  ...3895 candles so far (back to 2026-02-12)
  ...4195 candles so far (back to 2026-01-30)
  ...4495 candles so far (back to 2026-01-18)
  ...4795 candles so far (back to 2026-01-05)
  ...5095 candles so far (back to 2025-12-24)
  ...5395 candles so far (back to 2025-12-11)
  ...5695 candles so far (back to 2025-11-29)
  ...5995 candles so far (back to 2025-11-16)
  ...6295 candles so far (back to 2025-11-04)
  ...6590 candles so far (back to 2025-10-22)
  ...6890 candles so far (back to 2025-10-10)
  ...7190 candles so far (back to 2025-09-27)
  ...7490 candles so far (back to 2025-09-15)
  ...7790 candles so far (back to 2025-09-02)
  ...8090 candles so far (back to 2025-08-21)
  ...8390 candles so far (back to 2025-08-08)
  ...8690 candles so far (back to 2025-07-27)
  ...8750 candles so far (back to 2025-07-24)
              -> 8750 candles
[ 8/25] DOGE-USD     fetching...
  ...300 candles so far (back to 2026-07-12)
  ...600 candles so far (back to 2026-06-29)
  ...900 candles so far (back to 2026-06-17)
  ...1200 candles so far (back to 2026-06-04)
  ...1500 candles so far (back to 2026-05-23)
  ...1800 candles so far (back to 2026-05-10)
  ...2095 candles so far (back to 2026-04-28)
  ...2395 candles so far (back to 2026-04-15)
  ...2695 candles so far (back to 2026-04-03)
  ...2995 candles so far (back to 2026-03-21)
  ...3295 candles so far (back to 2026-03-09)
  ...3595 candles so far (back to 2026-02-24)
  ...3895 candles so far (back to 2026-02-12)
  ...4195 candles so far (back to 2026-01-30)
  ...4495 candles so far (back to 2026-01-18)
  ...4795 candles so far (back to 2026-01-05)
  ...5095 candles so far (back to 2025-12-24)
  ...5395 candles so far (back to 2025-12-11)
  ...5695 candles so far (back to 2025-11-29)
  ...5995 candles so far (back to 2025-11-16)
  ...6295 candles so far (back to 2025-11-04)
  ...6590 candles so far (back to 2025-10-22)
  ...6890 candles so far (back to 2025-10-10)
  ...7190 candles so far (back to 2025-09-27)
  ...7490 candles so far (back to 2025-09-15)
  ...7790 candles so far (back to 2025-09-02)
  ...8090 candles so far (back to 2025-08-21)
  ...8390 candles so far (back to 2025-08-08)
  ...8690 candles so far (back to 2025-07-27)
  ...8750 candles so far (back to 2025-07-24)
              -> 8750 candles
[ 9/25] RE-USD       fetching...
  ...300 candles so far (back to 2026-07-12)
  ...600 candles so far (back to 2026-06-29)
  ...873 candles so far (back to 2026-06-17)
              -> 873 candles
[10/25] NEAR-USD     fetching...
  ...300 candles so far (back to 2026-07-12)
  ...600 candles so far (back to 2026-06-29)
  ...900 candles so far (back to 2026-06-17)
  ...1200 candles so far (back to 2026-06-04)
  ...1500 candles so far (back to 2026-05-23)
  ...1800 candles so far (back to 2026-05-10)
  ...2095 candles so far (back to 2026-04-28)
  ...2395 candles so far (back to 2026-04-15)
  ...2695 candles so far (back to 2026-04-03)
  ...2995 candles so far (back to 2026-03-21)
  ...3295 candles so far (back to 2026-03-09)
  ...3595 candles so far (back to 2026-02-24)
  ...3895 candles so far (back to 2026-02-12)
  ...4195 candles so far (back to 2026-01-30)
  ...4495 candles so far (back to 2026-01-18)
  ...4795 candles so far (back to 2026-01-05)
  ...5095 candles so far (back to 2025-12-24)
  ...5395 candles so far (back to 2025-12-11)
  ...5695 candles so far (back to 2025-11-29)
  ...5995 candles so far (back to 2025-11-16)
  ...6295 candles so far (back to 2025-11-04)
  ...6590 candles so far (back to 2025-10-22)
  ...6890 candles so far (back to 2025-10-10)
  ...7190 candles so far (back to 2025-09-27)
  ...7490 candles so far (back to 2025-09-15)
  ...7790 candles so far (back to 2025-09-02)
  ...8090 candles so far (back to 2025-08-21)
  ...8390 candles so far (back to 2025-08-08)
  ...8690 candles so far (back to 2025-07-27)
  ...8750 candles so far (back to 2025-07-24)
              -> 8750 candles
[11/25] SUI-USD      fetching...
  ...300 candles so far (back to 2026-07-12)
  ...600 candles so far (back to 2026-06-29)
  ...900 candles so far (back to 2026-06-17)
  ...1200 candles so far (back to 2026-06-04)
  ...1500 candles so far (back to 2026-05-23)
  ...1800 candles so far (back to 2026-05-10)
  ...2095 candles so far (back to 2026-04-28)
  ...2395 candles so far (back to 2026-04-15)
  ...2695 candles so far (back to 2026-04-03)
  ...2995 candles so far (back to 2026-03-21)
  ...3295 candles so far (back to 2026-03-09)
  ...3595 candles so far (back to 2026-02-24)
  ...3895 candles so far (back to 2026-02-12)
  ...4195 candles so far (back to 2026-01-30)
  ...4495 candles so far (back to 2026-01-18)
  ...4795 candles so far (back to 2026-01-05)
  ...5095 candles so far (back to 2025-12-24)
  ...5395 candles so far (back to 2025-12-11)
  ...5695 candles so far (back to 2025-11-29)
  ...5995 candles so far (back to 2025-11-16)
  ...6295 candles so far (back to 2025-11-04)
  ...6590 candles so far (back to 2025-10-22)
  ...6890 candles so far (back to 2025-10-10)
  ...7190 candles so far (back to 2025-09-27)
  ...7490 candles so far (back to 2025-09-15)
  ...7790 candles so far (back to 2025-09-02)
  ...8090 candles so far (back to 2025-08-21)
  ...8390 candles so far (back to 2025-08-08)
  ...8690 candles so far (back to 2025-07-27)
  ...8750 candles so far (back to 2025-07-24)
              -> 8750 candles
[12/25] ONDO-USD     fetching...
  ...300 candles so far (back to 2026-07-12)
  ...600 candles so far (back to 2026-06-29)
  ...900 candles so far (back to 2026-06-17)
  ...1200 candles so far (back to 2026-06-04)
  ...1500 candles so far (back to 2026-05-23)
  ...1800 candles so far (back to 2026-05-10)
  ...2095 candles so far (back to 2026-04-28)
  ...2395 candles so far (back to 2026-04-15)
  ...2695 candles so far (back to 2026-04-03)
  ...2995 candles so far (back to 2026-03-21)
  ...3295 candles so far (back to 2026-03-09)
  ...3595 candles so far (back to 2026-02-24)
  ...3895 candles so far (back to 2026-02-12)
  ...4195 candles so far (back to 2026-01-30)
  ...4495 candles so far (back to 2026-01-18)
  ...4795 candles so far (back to 2026-01-05)
  ...5095 candles so far (back to 2025-12-24)
  ...5395 candles so far (back to 2025-12-11)
  ...5695 candles so far (back to 2025-11-29)
  ...5995 candles so far (back to 2025-11-16)
  ...6295 candles so far (back to 2025-11-04)
  ...6590 candles so far (back to 2025-10-22)
  ...6890 candles so far (back to 2025-10-10)
  ...7190 candles so far (back to 2025-09-27)
  ...7490 candles so far (back to 2025-09-15)
  ...7790 candles so far (back to 2025-09-02)
  ...8090 candles so far (back to 2025-08-21)
  ...8390 candles so far (back to 2025-08-08)
  ...8690 candles so far (back to 2025-07-27)
  ...8750 candles so far (back to 2025-07-24)
              -> 8750 candles
[13/25] BILL-USD     fetching...
  ...300 candles so far (back to 2026-07-12)
  ...600 candles so far (back to 2026-06-29)
  ...900 candles so far (back to 2026-06-17)
  ...1200 candles so far (back to 2026-06-04)
  ...1500 candles so far (back to 2026-05-23)
  ...1800 candles so far (back to 2026-05-10)
  ...1947 candles so far (back to 2026-04-28)
              -> 1947 candles
[14/25] LTC-USD      fetching...
  ...300 candles so far (back to 2026-07-12)
  ...600 candles so far (back to 2026-06-29)
  ...900 candles so far (back to 2026-06-17)
  ...1200 candles so far (back to 2026-06-04)
  ...1500 candles so far (back to 2026-05-23)
  ...1800 candles so far (back to 2026-05-10)
  ...2095 candles so far (back to 2026-04-28)
  ...2395 candles so far (back to 2026-04-15)
  ...2695 candles so far (back to 2026-04-03)
  ...2995 candles so far (back to 2026-03-21)
  ...3295 candles so far (back to 2026-03-09)
  ...3595 candles so far (back to 2026-02-24)
  ...3895 candles so far (back to 2026-02-12)
  ...4195 candles so far (back to 2026-01-30)
  ...4495 candles so far (back to 2026-01-18)
  ...4795 candles so far (back to 2026-01-05)
  ...5095 candles so far (back to 2025-12-24)
  ...5395 candles so far (back to 2025-12-11)
  ...5695 candles so far (back to 2025-11-29)
  ...5995 candles so far (back to 2025-11-16)
  ...6295 candles so far (back to 2025-11-04)
  ...6590 candles so far (back to 2025-10-22)
  ...6890 candles so far (back to 2025-10-10)
  ...7190 candles so far (back to 2025-09-27)
  ...7490 candles so far (back to 2025-09-15)
  ...7790 candles so far (back to 2025-09-02)
  ...8090 candles so far (back to 2025-08-21)
  ...8390 candles so far (back to 2025-08-08)
  ...8690 candles so far (back to 2025-07-27)
  ...8750 candles so far (back to 2025-07-24)
              -> 8750 candles
[15/25] ADA-USD      fetching...
  ...300 candles so far (back to 2026-07-12)
  ...600 candles so far (back to 2026-06-29)
  ...900 candles so far (back to 2026-06-17)
  ...1200 candles so far (back to 2026-06-04)
  ...1500 candles so far (back to 2026-05-23)
  ...1800 candles so far (back to 2026-05-10)
  ...2095 candles so far (back to 2026-04-28)
  ...2395 candles so far (back to 2026-04-15)
  ...2695 candles so far (back to 2026-04-03)
  ...2995 candles so far (back to 2026-03-21)
  ...3295 candles so far (back to 2026-03-09)
  ...3595 candles so far (back to 2026-02-24)
  ...3895 candles so far (back to 2026-02-12)
  ...4195 candles so far (back to 2026-01-30)
  ...4495 candles so far (back to 2026-01-18)
  ...4795 candles so far (back to 2026-01-05)
  ...5095 candles so far (back to 2025-12-24)
  ...5395 candles so far (back to 2025-12-11)
  ...5695 candles so far (back to 2025-11-29)
  ...5995 candles so far (back to 2025-11-16)
  ...6295 candles so far (back to 2025-11-04)
  ...6590 candles so far (back to 2025-10-22)
  ...6890 candles so far (back to 2025-10-10)
  ...7190 candles so far (back to 2025-09-27)
  ...7490 candles so far (back to 2025-09-15)
  ...7790 candles so far (back to 2025-09-02)
  ...8090 candles so far (back to 2025-08-21)
  ...8390 candles so far (back to 2025-08-08)
  ...8690 candles so far (back to 2025-07-27)
  ...8750 candles so far (back to 2025-07-24)
              -> 8750 candles
[16/25] VVV-USD      fetching...
  ...300 candles so far (back to 2026-07-12)
  ...600 candles so far (back to 2026-06-29)
  ...900 candles so far (back to 2026-06-17)
  ...1200 candles so far (back to 2026-06-04)
  ...1500 candles so far (back to 2026-05-23)
  ...1800 candles so far (back to 2026-05-10)
  ...2095 candles so far (back to 2026-04-28)
  ...2395 candles so far (back to 2026-04-15)
  ...2695 candles so far (back to 2026-04-03)
  ...2995 candles so far (back to 2026-03-21)
  ...3295 candles so far (back to 2026-03-09)
  ...3595 candles so far (back to 2026-02-24)
  ...3895 candles so far (back to 2026-02-12)
  ...4195 candles so far (back to 2026-01-30)
  ...4495 candles so far (back to 2026-01-18)
  ...4795 candles so far (back to 2026-01-05)
  ...5092 candles so far (back to 2025-12-24)
  ...5362 candles so far (back to 2025-12-11)
  ...5621 candles so far (back to 2025-11-29)
  ...5897 candles so far (back to 2025-11-16)
  ...6189 candles so far (back to 2025-11-04)
  ...6468 candles so far (back to 2025-10-22)
  ...6757 candles so far (back to 2025-10-10)
  ...7057 candles so far (back to 2025-09-27)
  ...7353 candles so far (back to 2025-09-15)
  ...7649 candles so far (back to 2025-09-02)
  ...7942 candles so far (back to 2025-08-21)
  ...8242 candles so far (back to 2025-08-08)
  ...8539 candles so far (back to 2025-07-27)
  ...8594 candles so far (back to 2025-07-24)
              -> 8594 candles
[17/25] LINK-USD     fetching...
  ...300 candles so far (back to 2026-07-12)
  ...600 candles so far (back to 2026-06-29)
  ...900 candles so far (back to 2026-06-17)
  ...1200 candles so far (back to 2026-06-04)
  ...1500 candles so far (back to 2026-05-23)
  ...1800 candles so far (back to 2026-05-10)
  ...2095 candles so far (back to 2026-04-28)
  ...2395 candles so far (back to 2026-04-15)
  ...2695 candles so far (back to 2026-04-03)
  ...2995 candles so far (back to 2026-03-21)
  ...3295 candles so far (back to 2026-03-09)
  ...3595 candles so far (back to 2026-02-24)
  ...3895 candles so far (back to 2026-02-12)
  ...4195 candles so far (back to 2026-01-30)
  ...4495 candles so far (back to 2026-01-18)
  ...4795 candles so far (back to 2026-01-05)
  ...5095 candles so far (back to 2025-12-24)
  ...5395 candles so far (back to 2025-12-11)
  ...5695 candles so far (back to 2025-11-29)
  ...5995 candles so far (back to 2025-11-16)
  ...6295 candles so far (back to 2025-11-04)
  ...6590 candles so far (back to 2025-10-22)
  ...6890 candles so far (back to 2025-10-10)
  ...7190 candles so far (back to 2025-09-27)
  ...7490 candles so far (back to 2025-09-15)
  ...7790 candles so far (back to 2025-09-02)
  ...8090 candles so far (back to 2025-08-21)
  ...8390 candles so far (back to 2025-08-08)
  ...8690 candles so far (back to 2025-07-27)
  ...8750 candles so far (back to 2025-07-24)
              -> 8750 candles
[18/25] TAO-USD      fetching...
  ...300 candles so far (back to 2026-07-12)
  ...600 candles so far (back to 2026-06-29)
  ...900 candles so far (back to 2026-06-17)
  ...1200 candles so far (back to 2026-06-04)
  ...1500 candles so far (back to 2026-05-23)
  ...1800 candles so far (back to 2026-05-10)
  ...2095 candles so far (back to 2026-04-28)
  ...2395 candles so far (back to 2026-04-15)
  ...2695 candles so far (back to 2026-04-03)
  ...2995 candles so far (back to 2026-03-21)
  ...3295 candles so far (back to 2026-03-09)
  ...3595 candles so far (back to 2026-02-24)
  ...3895 candles so far (back to 2026-02-12)
  ...4195 candles so far (back to 2026-01-30)
  ...4495 candles so far (back to 2026-01-18)
  ...4795 candles so far (back to 2026-01-05)
  ...5095 candles so far (back to 2025-12-24)
  ...5395 candles so far (back to 2025-12-11)
  ...5695 candles so far (back to 2025-11-29)
  ...5995 candles so far (back to 2025-11-16)
  ...6295 candles so far (back to 2025-11-04)
  ...6590 candles so far (back to 2025-10-22)
  ...6890 candles so far (back to 2025-10-10)
  ...7190 candles so far (back to 2025-09-27)
  ...7490 candles so far (back to 2025-09-15)
  ...7790 candles so far (back to 2025-09-02)
  ...8090 candles so far (back to 2025-08-21)
  ...8390 candles so far (back to 2025-08-08)
  ...8690 candles so far (back to 2025-07-27)
  ...8750 candles so far (back to 2025-07-24)
              -> 8750 candles
[19/25] ENA-USD      fetching...
  ...300 candles so far (back to 2026-07-12)
  ...600 candles so far (back to 2026-06-29)
  ...900 candles so far (back to 2026-06-17)
  ...1200 candles so far (back to 2026-06-04)
  ...1500 candles so far (back to 2026-05-23)
  ...1800 candles so far (back to 2026-05-10)
  ...2095 candles so far (back to 2026-04-28)
  ...2395 candles so far (back to 2026-04-15)
  ...2695 candles so far (back to 2026-04-03)
  ...2995 candles so far (back to 2026-03-21)
  ...3295 candles so far (back to 2026-03-09)
  ...3595 candles so far (back to 2026-02-24)
  ...3895 candles so far (back to 2026-02-12)
  ...4195 candles so far (back to 2026-01-30)
  ...4495 candles so far (back to 2026-01-18)
  ...4795 candles so far (back to 2026-01-05)
  ...5095 candles so far (back to 2025-12-24)
  ...5395 candles so far (back to 2025-12-11)
  ...5695 candles so far (back to 2025-11-29)
  ...5995 candles so far (back to 2025-11-16)
  ...6295 candles so far (back to 2025-11-04)
  ...6590 candles so far (back to 2025-10-22)
  ...6890 candles so far (back to 2025-10-10)
  ...7190 candles so far (back to 2025-09-27)
  ...7490 candles so far (back to 2025-09-15)
  ...7790 candles so far (back to 2025-09-02)
  ...8090 candles so far (back to 2025-08-21)
  ...8390 candles so far (back to 2025-08-08)
  ...8690 candles so far (back to 2025-07-27)
  ...8750 candles so far (back to 2025-07-24)
              -> 8750 candles
[20/25] HBAR-USD     fetching...
  ...300 candles so far (back to 2026-07-12)
  ...600 candles so far (back to 2026-06-29)
  ...900 candles so far (back to 2026-06-17)
  ...1200 candles so far (back to 2026-06-04)
  ...1500 candles so far (back to 2026-05-23)
  ...1800 candles so far (back to 2026-05-10)
  ...2095 candles so far (back to 2026-04-28)
  ...2395 candles so far (back to 2026-04-15)
  ...2695 candles so far (back to 2026-04-03)
  ...2995 candles so far (back to 2026-03-21)
  ...3295 candles so far (back to 2026-03-09)
  ...3595 candles so far (back to 2026-02-24)
  ...3895 candles so far (back to 2026-02-12)
  ...4195 candles so far (back to 2026-01-30)
  ...4495 candles so far (back to 2026-01-18)
  ...4795 candles so far (back to 2026-01-05)
  ...5095 candles so far (back to 2025-12-24)
  ...5395 candles so far (back to 2025-12-11)
  ...5695 candles so far (back to 2025-11-29)
  ...5995 candles so far (back to 2025-11-16)
  ...6295 candles so far (back to 2025-11-04)
  ...6590 candles so far (back to 2025-10-22)
  ...6890 candles so far (back to 2025-10-10)
  ...7190 candles so far (back to 2025-09-27)
  ...7490 candles so far (back to 2025-09-15)
  ...7790 candles so far (back to 2025-09-02)
  ...8090 candles so far (back to 2025-08-21)
  ...8390 candles so far (back to 2025-08-08)
  ...8690 candles so far (back to 2025-07-27)
  ...8750 candles so far (back to 2025-07-24)
              -> 8750 candles
[21/25] UNI-USD      fetching...
  ...300 candles so far (back to 2026-07-12)
  ...600 candles so far (back to 2026-06-29)
  ...900 candles so far (back to 2026-06-17)
  ...1200 candles so far (back to 2026-06-04)
  ...1500 candles so far (back to 2026-05-23)
  ...1800 candles so far (back to 2026-05-10)
  ...2095 candles so far (back to 2026-04-28)
  ...2395 candles so far (back to 2026-04-15)
  ...2695 candles so far (back to 2026-04-03)
  ...2995 candles so far (back to 2026-03-21)
  ...3295 candles so far (back to 2026-03-09)
  ...3595 candles so far (back to 2026-02-24)
  ...3895 candles so far (back to 2026-02-12)
  ...4195 candles so far (back to 2026-01-30)
  ...4495 candles so far (back to 2026-01-18)
  ...4795 candles so far (back to 2026-01-05)
  ...5095 candles so far (back to 2025-12-24)
  ...5395 candles so far (back to 2025-12-11)
  ...5695 candles so far (back to 2025-11-29)
  ...5995 candles so far (back to 2025-11-16)
  ...6295 candles so far (back to 2025-11-04)
  ...6590 candles so far (back to 2025-10-22)
  ...6890 candles so far (back to 2025-10-10)
  ...7190 candles so far (back to 2025-09-27)
  ...7490 candles so far (back to 2025-09-15)
  ...7790 candles so far (back to 2025-09-02)
  ...8090 candles so far (back to 2025-08-21)
  ...8390 candles so far (back to 2025-08-08)
  ...8690 candles so far (back to 2025-07-27)
  ...8750 candles so far (back to 2025-07-24)
              -> 8750 candles
[22/25] AERO-USD     fetching...
  ...300 candles so far (back to 2026-07-12)
  ...600 candles so far (back to 2026-06-29)
  ...900 candles so far (back to 2026-06-17)
  ...1200 candles so far (back to 2026-06-04)
  ...1500 candles so far (back to 2026-05-23)
  ...1800 candles so far (back to 2026-05-10)
  ...2095 candles so far (back to 2026-04-28)
  ...2395 candles so far (back to 2026-04-15)
  ...2695 candles so far (back to 2026-04-03)
  ...2995 candles so far (back to 2026-03-21)
  ...3295 candles so far (back to 2026-03-09)
  ...3595 candles so far (back to 2026-02-24)
  ...3895 candles so far (back to 2026-02-12)
  ...4195 candles so far (back to 2026-01-30)
  ...4495 candles so far (back to 2026-01-18)
  ...4795 candles so far (back to 2026-01-05)
  ...5095 candles so far (back to 2025-12-24)
  ...5395 candles so far (back to 2025-12-11)
  ...5695 candles so far (back to 2025-11-29)
  ...5995 candles so far (back to 2025-11-16)
  ...6295 candles so far (back to 2025-11-04)
  ...6590 candles so far (back to 2025-10-22)
  ...6890 candles so far (back to 2025-10-10)
  ...7190 candles so far (back to 2025-09-27)
  ...7490 candles so far (back to 2025-09-15)
  ...7790 candles so far (back to 2025-09-02)
  ...8090 candles so far (back to 2025-08-21)
  ...8390 candles so far (back to 2025-08-08)
  ...8690 candles so far (back to 2025-07-27)
  ...8750 candles so far (back to 2025-07-24)
              -> 8750 candles
[23/25] ALLO-USD     fetching...
  ...300 candles so far (back to 2026-07-12)
  ...600 candles so far (back to 2026-06-29)
  ...900 candles so far (back to 2026-06-17)
  ...1200 candles so far (back to 2026-06-04)
  ...1497 candles so far (back to 2026-05-23)
  ...1781 candles so far (back to 2026-05-10)
  ...2039 candles so far (back to 2026-04-28)
  ...2317 candles so far (back to 2026-04-15)
  ...2575 candles so far (back to 2026-04-03)
  ...2866 candles so far (back to 2026-03-21)
  ...3165 candles so far (back to 2026-03-09)
  ...3465 candles so far (back to 2026-02-24)
  ...3764 candles so far (back to 2026-02-12)
  ...4041 candles so far (back to 2026-01-30)
  ...4316 candles so far (back to 2026-01-18)
  ...4591 candles so far (back to 2026-01-05)
  ...4861 candles so far (back to 2025-12-24)
  ...5157 candles so far (back to 2025-12-11)
  ...5457 candles so far (back to 2025-11-29)
  ...5757 candles so far (back to 2025-11-16)
  ...5858 candles so far (back to 2025-11-04)
              -> 5858 candles
[24/25] GWEI-USD     fetching...
  ...300 candles so far (back to 2026-07-12)
  ...600 candles so far (back to 2026-06-29)
  ...900 candles so far (back to 2026-06-17)
  ...1200 candles so far (back to 2026-06-04)
  ...1500 candles so far (back to 2026-05-23)
  ...1800 candles so far (back to 2026-05-10)
  ...2095 candles so far (back to 2026-04-28)
  ...2395 candles so far (back to 2026-04-15)
  ...2694 candles so far (back to 2026-04-03)
  ...2994 candles so far (back to 2026-03-21)
  ...3294 candles so far (back to 2026-03-09)
  ...3594 candles so far (back to 2026-02-24)
  ...3597 candles so far (back to 2026-02-12)
              -> 3597 candles
[25/25] PUMP-USD     fetching...
  ...300 candles so far (back to 2026-07-12)
  ...600 candles so far (back to 2026-06-29)
  ...900 candles so far (back to 2026-06-17)
  ...1200 candles so far (back to 2026-06-04)
  ...1500 candles so far (back to 2026-05-23)
  ...1800 candles so far (back to 2026-05-10)
  ...2095 candles so far (back to 2026-04-28)
  ...2395 candles so far (back to 2026-04-15)
  ...2695 candles so far (back to 2026-04-03)
  ...2995 candles so far (back to 2026-03-21)
  ...3295 candles so far (back to 2026-03-09)
  ...3595 candles so far (back to 2026-02-24)
  ...3895 candles so far (back to 2026-02-12)
  ...4195 candles so far (back to 2026-01-30)
  ...4495 candles so far (back to 2026-01-18)
  ...4795 candles so far (back to 2026-01-05)
  ...5095 candles so far (back to 2025-12-24)
  ...5395 candles so far (back to 2025-12-11)
  ...5695 candles so far (back to 2025-11-29)
  ...5995 candles so far (back to 2025-11-16)
  ...6295 candles so far (back to 2025-11-04)
  ...6590 candles so far (back to 2025-10-22)
  ...6890 candles so far (back to 2025-10-10)
  ...7190 candles so far (back to 2025-09-27)
  ...7490 candles so far (back to 2025-09-15)
  ...7790 candles so far (back to 2025-09-02)
  ...8090 candles so far (back to 2025-08-21)
  ...8390 candles so far (back to 2025-08-08)
  ...8690 candles so far (back to 2025-07-27)
  ...8750 candles so far (back to 2025-07-24)
              -> 8750 candles

Done in 6.3 min. downloaded=25 skipped=0 failed=0
