Downloading 300s candles, 60d, for 25 pairs

[ 1/25] BTC-USD      already on disk, skip
[ 2/25] ETH-USD      fetching...
  ...300 candles so far (back to 2026-07-23)
  ...600 candles so far (back to 2026-07-22)
  ...900 candles so far (back to 2026-07-21)
  ...1200 candles so far (back to 2026-07-20)
  ...1500 candles so far (back to 2026-07-19)
  ...1800 candles so far (back to 2026-07-18)
  ...2100 candles so far (back to 2026-07-17)
  ...2400 candles so far (back to 2026-07-16)
  ...2700 candles so far (back to 2026-07-15)
  ...3000 candles so far (back to 2026-07-14)
  ...3300 candles so far (back to 2026-07-13)
  ...3600 candles so far (back to 2026-07-12)
  ...3900 candles so far (back to 2026-07-11)
  ...4200 candles so far (back to 2026-07-10)
  ...4500 candles so far (back to 2026-07-09)
  ...4800 candles so far (back to 2026-07-08)
  ...5100 candles so far (back to 2026-07-07)
  ...5400 candles so far (back to 2026-07-06)
  ...5700 candles so far (back to 2026-07-05)
  ...6000 candles so far (back to 2026-07-04)
  ...6300 candles so far (back to 2026-07-02)
  ...6600 candles so far (back to 2026-07-01)
  ...6900 candles so far (back to 2026-06-30)
  ...7200 candles so far (back to 2026-06-29)
  ...7500 candles so far (back to 2026-06-28)
  ...7800 candles so far (back to 2026-06-27)
  ...8100 candles so far (back to 2026-06-26)
  ...8400 candles so far (back to 2026-06-25)
  ...8700 candles so far (back to 2026-06-24)
  ...9000 candles so far (back to 2026-06-23)
  ...9300 candles so far (back to 2026-06-22)
  ...9600 candles so far (back to 2026-06-21)
  ...9900 candles so far (back to 2026-06-20)
  ...10200 candles so far (back to 2026-06-19)
  ...10500 candles so far (back to 2026-06-18)
  ...10800 candles so far (back to 2026-06-17)
  ...11100 candles so far (back to 2026-06-16)
  ...11400 candles so far (back to 2026-06-15)
  ...11700 candles so far (back to 2026-06-14)
  ...12000 candles so far (back to 2026-06-13)
  ...12300 candles so far (back to 2026-06-12)
  ...12600 candles so far (back to 2026-06-11)
  ...12900 candles so far (back to 2026-06-10)
  ...13200 candles so far (back to 2026-06-09)
  ...13500 candles so far (back to 2026-06-07)
  ...13800 candles so far (back to 2026-06-06)
  ...14100 candles so far (back to 2026-06-05)
  ...14400 candles so far (back to 2026-06-04)
  ...14700 candles so far (back to 2026-06-03)
  ...15000 candles so far (back to 2026-06-02)
  ...15300 candles so far (back to 2026-06-01)
  ...15600 candles so far (back to 2026-05-31)
  ...15900 candles so far (back to 2026-05-30)
  ...16200 candles so far (back to 2026-05-29)
  ...16500 candles so far (back to 2026-05-28)
  ...16800 candles so far (back to 2026-05-27)
  ...17100 candles so far (back to 2026-05-26)
  ...17280 candles so far (back to 2026-05-25)
              -> 17280 candles
[ 3/25] XRP-USD      fetching...
  ...300 candles so far (back to 2026-07-23)
  ...600 candles so far (back to 2026-07-22)
  ...900 candles so far (back to 2026-07-21)
  ...1200 candles so far (back to 2026-07-20)
  ...1500 candles so far (back to 2026-07-19)
  ...1800 candles so far (back to 2026-07-18)
  ...2100 candles so far (back to 2026-07-17)
  ...2400 candles so far (back to 2026-07-16)
  ...2700 candles so far (back to 2026-07-15)
  ...3000 candles so far (back to 2026-07-14)
  ...3300 candles so far (back to 2026-07-13)
  ...3600 candles so far (back to 2026-07-12)
  ...3900 candles so far (back to 2026-07-11)
  ...4200 candles so far (back to 2026-07-10)
  ...4500 candles so far (back to 2026-07-09)
  ...4800 candles so far (back to 2026-07-08)
  ...5100 candles so far (back to 2026-07-07)
  ...5400 candles so far (back to 2026-07-06)
  ...5700 candles so far (back to 2026-07-05)
  ...6000 candles so far (back to 2026-07-04)
  ...6300 candles so far (back to 2026-07-02)
  ...6600 candles so far (back to 2026-07-01)
  ...6900 candles so far (back to 2026-06-30)
  ...7200 candles so far (back to 2026-06-29)
  ...7500 candles so far (back to 2026-06-28)
  ...7800 candles so far (back to 2026-06-27)
  ...8100 candles so far (back to 2026-06-26)
  ...8400 candles so far (back to 2026-06-25)
  ...8700 candles so far (back to 2026-06-24)
  ...9000 candles so far (back to 2026-06-23)
  ...9300 candles so far (back to 2026-06-22)
  ...9600 candles so far (back to 2026-06-21)
  ...9900 candles so far (back to 2026-06-20)
  ...10200 candles so far (back to 2026-06-19)
  ...10500 candles so far (back to 2026-06-18)
  ...10800 candles so far (back to 2026-06-17)
  ...11100 candles so far (back to 2026-06-16)
  ...11400 candles so far (back to 2026-06-15)
  ...11700 candles so far (back to 2026-06-14)
  ...12000 candles so far (back to 2026-06-13)
  ...12300 candles so far (back to 2026-06-12)
  ...12600 candles so far (back to 2026-06-11)
  ...12900 candles so far (back to 2026-06-10)
  ...13200 candles so far (back to 2026-06-09)
  ...13500 candles so far (back to 2026-06-07)
  ...13800 candles so far (back to 2026-06-06)
  ...14100 candles so far (back to 2026-06-05)
  ...14400 candles so far (back to 2026-06-04)
  ...14700 candles so far (back to 2026-06-03)
  ...15000 candles so far (back to 2026-06-02)
  ...15300 candles so far (back to 2026-06-01)
  ...15600 candles so far (back to 2026-05-31)
  ...15900 candles so far (back to 2026-05-30)
  ...16200 candles so far (back to 2026-05-29)
  ...16500 candles so far (back to 2026-05-28)
  ...16800 candles so far (back to 2026-05-27)
  ...17100 candles so far (back to 2026-05-26)
  ...17280 candles so far (back to 2026-05-25)
              -> 17280 candles
[ 4/25] SOL-USD      fetching...
  ...300 candles so far (back to 2026-07-23)
  ...600 candles so far (back to 2026-07-22)
  ...900 candles so far (back to 2026-07-21)
  ...1200 candles so far (back to 2026-07-20)
  ...1500 candles so far (back to 2026-07-19)
  ...1800 candles so far (back to 2026-07-18)
  ...2100 candles so far (back to 2026-07-17)
  ...2400 candles so far (back to 2026-07-16)
  ...2700 candles so far (back to 2026-07-15)
  ...3000 candles so far (back to 2026-07-14)
  ...3300 candles so far (back to 2026-07-13)
  ...3600 candles so far (back to 2026-07-12)
  ...3900 candles so far (back to 2026-07-11)
  ...4200 candles so far (back to 2026-07-10)
  ...4500 candles so far (back to 2026-07-09)
  ...4800 candles so far (back to 2026-07-08)
  ...5100 candles so far (back to 2026-07-07)
  ...5400 candles so far (back to 2026-07-06)
  ...5700 candles so far (back to 2026-07-05)
  ...6000 candles so far (back to 2026-07-04)
  ...6300 candles so far (back to 2026-07-02)
  ...6600 candles so far (back to 2026-07-01)
  ...6900 candles so far (back to 2026-06-30)
  ...7200 candles so far (back to 2026-06-29)
  ...7500 candles so far (back to 2026-06-28)
  ...7800 candles so far (back to 2026-06-27)
  ...8100 candles so far (back to 2026-06-26)
  ...8400 candles so far (back to 2026-06-25)
  ...8700 candles so far (back to 2026-06-24)
  ...9000 candles so far (back to 2026-06-23)
  ...9300 candles so far (back to 2026-06-22)
  ...9600 candles so far (back to 2026-06-21)
  ...9900 candles so far (back to 2026-06-20)
  ...10200 candles so far (back to 2026-06-19)
  ...10500 candles so far (back to 2026-06-18)
  ...10800 candles so far (back to 2026-06-17)
  ...11100 candles so far (back to 2026-06-16)
  ...11400 candles so far (back to 2026-06-15)
  ...11700 candles so far (back to 2026-06-14)
  ...12000 candles so far (back to 2026-06-13)
  ...12300 candles so far (back to 2026-06-12)
  ...12600 candles so far (back to 2026-06-11)
  ...12900 candles so far (back to 2026-06-10)
  ...13200 candles so far (back to 2026-06-09)
  ...13500 candles so far (back to 2026-06-07)
  ...13800 candles so far (back to 2026-06-06)
  ...14100 candles so far (back to 2026-06-05)
  ...14400 candles so far (back to 2026-06-04)
  ...14700 candles so far (back to 2026-06-03)
  ...15000 candles so far (back to 2026-06-02)
  ...15300 candles so far (back to 2026-06-01)
  ...15600 candles so far (back to 2026-05-31)
  ...15900 candles so far (back to 2026-05-30)
  ...16200 candles so far (back to 2026-05-29)
  ...16500 candles so far (back to 2026-05-28)
  ...16800 candles so far (back to 2026-05-27)
  ...17100 candles so far (back to 2026-05-26)
  ...17280 candles so far (back to 2026-05-25)
              -> 17280 candles
[ 5/25] HYPE-USD     fetching...
  ...300 candles so far (back to 2026-07-23)
  ...600 candles so far (back to 2026-07-22)
  ...900 candles so far (back to 2026-07-21)
  ...1200 candles so far (back to 2026-07-20)
  ...1500 candles so far (back to 2026-07-19)
  ...1800 candles so far (back to 2026-07-18)
  ...2100 candles so far (back to 2026-07-17)
  ...2400 candles so far (back to 2026-07-16)
  ...2700 candles so far (back to 2026-07-15)
  ...3000 candles so far (back to 2026-07-14)
  ...3300 candles so far (back to 2026-07-13)
  ...3600 candles so far (back to 2026-07-12)
  ...3900 candles so far (back to 2026-07-11)
  ...4200 candles so far (back to 2026-07-10)
  ...4500 candles so far (back to 2026-07-09)
  ...4800 candles so far (back to 2026-07-08)
  ...5100 candles so far (back to 2026-07-07)
  ...5400 candles so far (back to 2026-07-06)
  ...5700 candles so far (back to 2026-07-05)
  ...6000 candles so far (back to 2026-07-04)
  ...6300 candles so far (back to 2026-07-02)
  ...6600 candles so far (back to 2026-07-01)
  ...6900 candles so far (back to 2026-06-30)
  ...7200 candles so far (back to 2026-06-29)
  ...7500 candles so far (back to 2026-06-28)
  ...7800 candles so far (back to 2026-06-27)
  ...8100 candles so far (back to 2026-06-26)
  ...8400 candles so far (back to 2026-06-25)
  ...8700 candles so far (back to 2026-06-24)
  ...9000 candles so far (back to 2026-06-23)
  ...9300 candles so far (back to 2026-06-22)
  ...9600 candles so far (back to 2026-06-21)
  ...9900 candles so far (back to 2026-06-20)
  ...10200 candles so far (back to 2026-06-19)
  ...10500 candles so far (back to 2026-06-18)
  ...10800 candles so far (back to 2026-06-17)
  ...11100 candles so far (back to 2026-06-16)
  ...11400 candles so far (back to 2026-06-15)
  ...11700 candles so far (back to 2026-06-14)
  ...12000 candles so far (back to 2026-06-13)
  ...12300 candles so far (back to 2026-06-12)
  ...12600 candles so far (back to 2026-06-11)
  ...12900 candles so far (back to 2026-06-10)
  ...13200 candles so far (back to 2026-06-09)
  ...13500 candles so far (back to 2026-06-07)
  ...13800 candles so far (back to 2026-06-06)
  ...14100 candles so far (back to 2026-06-05)
  ...14400 candles so far (back to 2026-06-04)
  ...14700 candles so far (back to 2026-06-03)
  ...15000 candles so far (back to 2026-06-02)
  ...15300 candles so far (back to 2026-06-01)
  ...15600 candles so far (back to 2026-05-31)
  ...15900 candles so far (back to 2026-05-30)
  ...16200 candles so far (back to 2026-05-29)
  ...16500 candles so far (back to 2026-05-28)
  ...16800 candles so far (back to 2026-05-27)
  ...17100 candles so far (back to 2026-05-26)
  ...17280 candles so far (back to 2026-05-25)
              -> 17280 candles
[ 6/25] ZEC-USD      fetching...
  ...300 candles so far (back to 2026-07-23)
  ...600 candles so far (back to 2026-07-22)
  ...900 candles so far (back to 2026-07-21)
  ...1200 candles so far (back to 2026-07-20)
  ...1500 candles so far (back to 2026-07-19)
  ...1800 candles so far (back to 2026-07-18)
  ...2100 candles so far (back to 2026-07-17)
  ...2400 candles so far (back to 2026-07-16)
  ...2700 candles so far (back to 2026-07-15)
  ...3000 candles so far (back to 2026-07-14)
  ...3300 candles so far (back to 2026-07-13)
  ...3600 candles so far (back to 2026-07-12)
  ...3900 candles so far (back to 2026-07-11)
  ...4200 candles so far (back to 2026-07-10)
  ...4500 candles so far (back to 2026-07-09)
  ...4800 candles so far (back to 2026-07-08)
  ...5100 candles so far (back to 2026-07-07)
  ...5400 candles so far (back to 2026-07-06)
  ...5700 candles so far (back to 2026-07-05)
  ...6000 candles so far (back to 2026-07-04)
  ...6300 candles so far (back to 2026-07-02)
  ...6600 candles so far (back to 2026-07-01)
  ...6900 candles so far (back to 2026-06-30)
  ...7200 candles so far (back to 2026-06-29)
  ...7500 candles so far (back to 2026-06-28)
  ...7800 candles so far (back to 2026-06-27)
  ...8100 candles so far (back to 2026-06-26)
  ...8400 candles so far (back to 2026-06-25)
  ...8700 candles so far (back to 2026-06-24)
  ...9000 candles so far (back to 2026-06-23)
  ...9300 candles so far (back to 2026-06-22)
  ...9600 candles so far (back to 2026-06-21)
  ...9900 candles so far (back to 2026-06-20)
  ...10200 candles so far (back to 2026-06-19)
  ...10500 candles so far (back to 2026-06-18)
  ...10800 candles so far (back to 2026-06-17)
  ...11100 candles so far (back to 2026-06-16)
  ...11400 candles so far (back to 2026-06-15)
  ...11700 candles so far (back to 2026-06-14)
  ...12000 candles so far (back to 2026-06-13)
  ...12300 candles so far (back to 2026-06-12)
  ...12600 candles so far (back to 2026-06-11)
  ...12900 candles so far (back to 2026-06-10)
  ...13200 candles so far (back to 2026-06-09)
  ...13500 candles so far (back to 2026-06-07)
  ...13800 candles so far (back to 2026-06-06)
  ...14100 candles so far (back to 2026-06-05)
  ...14400 candles so far (back to 2026-06-04)
  ...14700 candles so far (back to 2026-06-03)
  ...15000 candles so far (back to 2026-06-02)
  ...15300 candles so far (back to 2026-06-01)
  ...15600 candles so far (back to 2026-05-31)
  ...15900 candles so far (back to 2026-05-30)
  ...16200 candles so far (back to 2026-05-29)
  ...16500 candles so far (back to 2026-05-28)
  ...16800 candles so far (back to 2026-05-27)
  ...17100 candles so far (back to 2026-05-26)
  ...17280 candles so far (back to 2026-05-25)
              -> 17280 candles
[ 7/25] XLM-USD      fetching...
  ...300 candles so far (back to 2026-07-23)
  ...600 candles so far (back to 2026-07-22)
  ...900 candles so far (back to 2026-07-21)
  ...1200 candles so far (back to 2026-07-20)
  ...1500 candles so far (back to 2026-07-19)
  ...1800 candles so far (back to 2026-07-18)
  ...2100 candles so far (back to 2026-07-17)
  ...2400 candles so far (back to 2026-07-16)
  ...2700 candles so far (back to 2026-07-15)
  ...3000 candles so far (back to 2026-07-14)
  ...3300 candles so far (back to 2026-07-13)
  ...3600 candles so far (back to 2026-07-12)
  ...3900 candles so far (back to 2026-07-11)
  ...4200 candles so far (back to 2026-07-10)
  ...4500 candles so far (back to 2026-07-09)
  ...4800 candles so far (back to 2026-07-08)
  ...5100 candles so far (back to 2026-07-07)
  ...5400 candles so far (back to 2026-07-06)
  ...5700 candles so far (back to 2026-07-05)
  ...6000 candles so far (back to 2026-07-04)
  ...6300 candles so far (back to 2026-07-02)
  ...6600 candles so far (back to 2026-07-01)
  ...6900 candles so far (back to 2026-06-30)
  ...7200 candles so far (back to 2026-06-29)
  ...7500 candles so far (back to 2026-06-28)
  ...7800 candles so far (back to 2026-06-27)
  ...8100 candles so far (back to 2026-06-26)
  ...8400 candles so far (back to 2026-06-25)
  ...8700 candles so far (back to 2026-06-24)
  ...9000 candles so far (back to 2026-06-23)
  ...9300 candles so far (back to 2026-06-22)
  ...9600 candles so far (back to 2026-06-21)
  ...9900 candles so far (back to 2026-06-20)
  ...10200 candles so far (back to 2026-06-19)
  ...10500 candles so far (back to 2026-06-18)
  ...10800 candles so far (back to 2026-06-17)
  ...11100 candles so far (back to 2026-06-16)
  ...11400 candles so far (back to 2026-06-15)
  ...11700 candles so far (back to 2026-06-14)
  ...12000 candles so far (back to 2026-06-13)
  ...12300 candles so far (back to 2026-06-12)
  ...12600 candles so far (back to 2026-06-11)
  ...12900 candles so far (back to 2026-06-10)
  ...13200 candles so far (back to 2026-06-09)
  ...13500 candles so far (back to 2026-06-07)
  ...13800 candles so far (back to 2026-06-06)
  ...14100 candles so far (back to 2026-06-05)
  ...14400 candles so far (back to 2026-06-04)
  ...14700 candles so far (back to 2026-06-03)
  ...15000 candles so far (back to 2026-06-02)
  ...15300 candles so far (back to 2026-06-01)
  ...15600 candles so far (back to 2026-05-31)
  ...15900 candles so far (back to 2026-05-30)
  ...16200 candles so far (back to 2026-05-29)
  ...16500 candles so far (back to 2026-05-28)
  ...16800 candles so far (back to 2026-05-27)
  ...17100 candles so far (back to 2026-05-26)
  ...17280 candles so far (back to 2026-05-25)
              -> 17280 candles
[ 8/25] DOGE-USD     fetching...
  ...300 candles so far (back to 2026-07-23)
  ...600 candles so far (back to 2026-07-22)
  ...900 candles so far (back to 2026-07-21)
  ...1200 candles so far (back to 2026-07-20)
  ...1500 candles so far (back to 2026-07-19)
  ...1800 candles so far (back to 2026-07-18)
  ...2100 candles so far (back to 2026-07-17)
  ...2400 candles so far (back to 2026-07-16)
  ...2700 candles so far (back to 2026-07-15)
  ...3000 candles so far (back to 2026-07-14)
  ...3300 candles so far (back to 2026-07-13)
  ...3599 candles so far (back to 2026-07-12)
  ...3899 candles so far (back to 2026-07-11)
  ...4199 candles so far (back to 2026-07-10)
  ...4499 candles so far (back to 2026-07-09)
  ...4799 candles so far (back to 2026-07-08)
  ...5099 candles so far (back to 2026-07-07)
  ...5399 candles so far (back to 2026-07-06)
  ...5699 candles so far (back to 2026-07-05)
  ...5999 candles so far (back to 2026-07-04)
  ...6299 candles so far (back to 2026-07-02)
  ...6599 candles so far (back to 2026-07-01)
  ...6899 candles so far (back to 2026-06-30)
  ...7199 candles so far (back to 2026-06-29)
  ...7499 candles so far (back to 2026-06-28)
  ...7799 candles so far (back to 2026-06-27)
  ...8099 candles so far (back to 2026-06-26)
  ...8399 candles so far (back to 2026-06-25)
  ...8699 candles so far (back to 2026-06-24)
  ...8999 candles so far (back to 2026-06-23)
  ...9299 candles so far (back to 2026-06-22)
  ...9599 candles so far (back to 2026-06-21)
  ...9899 candles so far (back to 2026-06-20)
  ...10199 candles so far (back to 2026-06-19)
  ...10499 candles so far (back to 2026-06-18)
  ...10799 candles so far (back to 2026-06-17)
  ...11099 candles so far (back to 2026-06-16)
  ...11399 candles so far (back to 2026-06-15)
  ...11699 candles so far (back to 2026-06-14)
  ...11999 candles so far (back to 2026-06-13)
  ...12299 candles so far (back to 2026-06-12)
  ...12599 candles so far (back to 2026-06-11)
  ...12899 candles so far (back to 2026-06-10)
  ...13199 candles so far (back to 2026-06-09)
  ...13499 candles so far (back to 2026-06-07)
  ...13799 candles so far (back to 2026-06-06)
  ...14099 candles so far (back to 2026-06-05)
  ...14399 candles so far (back to 2026-06-04)
  ...14699 candles so far (back to 2026-06-03)
  ...14999 candles so far (back to 2026-06-02)
  ...15299 candles so far (back to 2026-06-01)
  ...15599 candles so far (back to 2026-05-31)
  ...15899 candles so far (back to 2026-05-30)
  ...16199 candles so far (back to 2026-05-29)
  ...16499 candles so far (back to 2026-05-28)
  ...16799 candles so far (back to 2026-05-27)
  ...17099 candles so far (back to 2026-05-26)
  ...17279 candles so far (back to 2026-05-25)
              -> 17279 candles
[ 9/25] RE-USD       fetching...
  ...300 candles so far (back to 2026-07-23)
  ...600 candles so far (back to 2026-07-22)
  ...895 candles so far (back to 2026-07-21)
  ...1188 candles so far (back to 2026-07-20)
  ...1484 candles so far (back to 2026-07-19)
  ...1782 candles so far (back to 2026-07-18)
  ...2075 candles so far (back to 2026-07-17)
  ...2372 candles so far (back to 2026-07-16)
  ...2638 candles so far (back to 2026-07-15)
  ...2916 candles so far (back to 2026-07-14)
  ...3214 candles so far (back to 2026-07-13)
  ...3469 candles so far (back to 2026-07-12)
  ...3752 candles so far (back to 2026-07-11)
  ...4026 candles so far (back to 2026-07-10)
  ...4310 candles so far (back to 2026-07-09)
  ...4597 candles so far (back to 2026-07-08)
  ...4896 candles so far (back to 2026-07-07)
  ...5194 candles so far (back to 2026-07-06)
  ...5494 candles so far (back to 2026-07-05)
  ...5794 candles so far (back to 2026-07-04)
  ...6094 candles so far (back to 2026-07-02)
  ...6394 candles so far (back to 2026-07-01)
  ...6694 candles so far (back to 2026-06-30)
  ...6994 candles so far (back to 2026-06-29)
  ...7294 candles so far (back to 2026-06-28)
  ...7594 candles so far (back to 2026-06-27)
  ...7894 candles so far (back to 2026-06-26)
  ...8194 candles so far (back to 2026-06-25)
  ...8494 candles so far (back to 2026-06-24)
  ...8794 candles so far (back to 2026-06-23)
  ...9094 candles so far (back to 2026-06-22)
  ...9394 candles so far (back to 2026-06-21)
  ...9694 candles so far (back to 2026-06-20)
  ...9994 candles so far (back to 2026-06-19)
  ...10255 candles so far (back to 2026-06-18)
              -> 10255 candles
[10/25] NEAR-USD     fetching...
  ...300 candles so far (back to 2026-07-23)
  ...600 candles so far (back to 2026-07-22)
  ...900 candles so far (back to 2026-07-21)
  ...1200 candles so far (back to 2026-07-20)
  ...1500 candles so far (back to 2026-07-19)
  ...1799 candles so far (back to 2026-07-18)
  ...2097 candles so far (back to 2026-07-17)
  ...2397 candles so far (back to 2026-07-16)
  ...2697 candles so far (back to 2026-07-15)
  ...2997 candles so far (back to 2026-07-14)
  ...3297 candles so far (back to 2026-07-13)
  ...3597 candles so far (back to 2026-07-12)
  ...3897 candles so far (back to 2026-07-11)
  ...4197 candles so far (back to 2026-07-10)
  ...4497 candles so far (back to 2026-07-09)
  ...4797 candles so far (back to 2026-07-08)
  ...5097 candles so far (back to 2026-07-07)
  ...5397 candles so far (back to 2026-07-06)
  ...5697 candles so far (back to 2026-07-05)
  ...5997 candles so far (back to 2026-07-04)
  ...6297 candles so far (back to 2026-07-02)
  ...6597 candles so far (back to 2026-07-01)
  ...6897 candles so far (back to 2026-06-30)
  ...7197 candles so far (back to 2026-06-29)
  ...7496 candles so far (back to 2026-06-28)
  ...7796 candles so far (back to 2026-06-27)
  ...8096 candles so far (back to 2026-06-26)
  ...8396 candles so far (back to 2026-06-25)
  ...8696 candles so far (back to 2026-06-24)
  ...8996 candles so far (back to 2026-06-23)
  ...9296 candles so far (back to 2026-06-22)
  ...9596 candles so far (back to 2026-06-21)
  ...9896 candles so far (back to 2026-06-20)
  ...10196 candles so far (back to 2026-06-19)
  ...10496 candles so far (back to 2026-06-18)
  ...10796 candles so far (back to 2026-06-17)
  ...11096 candles so far (back to 2026-06-16)
  ...11396 candles so far (back to 2026-06-15)
  ...11696 candles so far (back to 2026-06-14)
  ...11996 candles so far (back to 2026-06-13)
  ...12296 candles so far (back to 2026-06-12)
  ...12596 candles so far (back to 2026-06-11)
  ...12896 candles so far (back to 2026-06-10)
  ...13196 candles so far (back to 2026-06-09)
  ...13496 candles so far (back to 2026-06-07)
  ...13796 candles so far (back to 2026-06-06)
  ...14096 candles so far (back to 2026-06-05)
  ...14396 candles so far (back to 2026-06-04)
  ...14696 candles so far (back to 2026-06-03)
  ...14996 candles so far (back to 2026-06-02)
  ...15296 candles so far (back to 2026-06-01)
  ...15596 candles so far (back to 2026-05-31)
  ...15896 candles so far (back to 2026-05-30)
  ...16196 candles so far (back to 2026-05-29)
  ...16496 candles so far (back to 2026-05-28)
  ...16796 candles so far (back to 2026-05-27)
  ...17096 candles so far (back to 2026-05-26)
  ...17276 candles so far (back to 2026-05-25)
              -> 17276 candles
[11/25] SUI-USD      fetching...
  ...300 candles so far (back to 2026-07-23)
  ...600 candles so far (back to 2026-07-22)
  ...900 candles so far (back to 2026-07-21)
  ...1200 candles so far (back to 2026-07-20)
  ...1500 candles so far (back to 2026-07-19)
  ...1800 candles so far (back to 2026-07-18)
  ...2100 candles so far (back to 2026-07-17)
  ...2400 candles so far (back to 2026-07-16)
  ...2700 candles so far (back to 2026-07-15)
  ...3000 candles so far (back to 2026-07-14)
  ...3300 candles so far (back to 2026-07-13)
  ...3600 candles so far (back to 2026-07-12)
  ...3900 candles so far (back to 2026-07-11)
  ...4200 candles so far (back to 2026-07-10)
  ...4500 candles so far (back to 2026-07-09)
  ...4800 candles so far (back to 2026-07-08)
  ...5100 candles so far (back to 2026-07-07)
  ...5400 candles so far (back to 2026-07-06)
  ...5700 candles so far (back to 2026-07-05)
  ...6000 candles so far (back to 2026-07-04)
  ...6300 candles so far (back to 2026-07-02)
  ...6600 candles so far (back to 2026-07-01)
  ...6900 candles so far (back to 2026-06-30)
  ...7200 candles so far (back to 2026-06-29)
  ...7499 candles so far (back to 2026-06-28)
  ...7799 candles so far (back to 2026-06-27)
  ...8099 candles so far (back to 2026-06-26)
  ...8399 candles so far (back to 2026-06-25)
  ...8699 candles so far (back to 2026-06-24)
  ...8999 candles so far (back to 2026-06-23)
  ...9299 candles so far (back to 2026-06-22)
  ...9599 candles so far (back to 2026-06-21)
  ...9899 candles so far (back to 2026-06-20)
  ...10199 candles so far (back to 2026-06-19)
  ...10499 candles so far (back to 2026-06-18)
  ...10799 candles so far (back to 2026-06-17)
  ...11099 candles so far (back to 2026-06-16)
  ...11399 candles so far (back to 2026-06-15)
  ...11698 candles so far (back to 2026-06-14)
  ...11998 candles so far (back to 2026-06-13)
  ...12298 candles so far (back to 2026-06-12)
  ...12598 candles so far (back to 2026-06-11)
  ...12898 candles so far (back to 2026-06-10)
  ...13198 candles so far (back to 2026-06-09)
  ...13498 candles so far (back to 2026-06-07)
  ...13798 candles so far (back to 2026-06-06)
  ...14098 candles so far (back to 2026-06-05)
  ...14398 candles so far (back to 2026-06-04)
  ...14698 candles so far (back to 2026-06-03)
  ...14998 candles so far (back to 2026-06-02)
  ...15298 candles so far (back to 2026-06-01)
  ...15598 candles so far (back to 2026-05-31)
  ...15898 candles so far (back to 2026-05-30)
  ...16198 candles so far (back to 2026-05-29)
  ...16498 candles so far (back to 2026-05-28)
  ...16798 candles so far (back to 2026-05-27)
  ...17098 candles so far (back to 2026-05-26)
  ...17278 candles so far (back to 2026-05-25)
              -> 17278 candles
[12/25] ONDO-USD     fetching...
  ...299 candles so far (back to 2026-07-23)
  ...599 candles so far (back to 2026-07-22)
  ...899 candles so far (back to 2026-07-21)
  ...1199 candles so far (back to 2026-07-20)
  ...1499 candles so far (back to 2026-07-19)
  ...1799 candles so far (back to 2026-07-18)
  ...2099 candles so far (back to 2026-07-17)
  ...2399 candles so far (back to 2026-07-16)
  ...2699 candles so far (back to 2026-07-15)
  ...2999 candles so far (back to 2026-07-14)
  ...3299 candles so far (back to 2026-07-13)
  ...3599 candles so far (back to 2026-07-12)
  ...3899 candles so far (back to 2026-07-11)
  ...4199 candles so far (back to 2026-07-10)
  ...4499 candles so far (back to 2026-07-09)
  ...4799 candles so far (back to 2026-07-08)
  ...5099 candles so far (back to 2026-07-07)
  ...5399 candles so far (back to 2026-07-06)
  ...5699 candles so far (back to 2026-07-05)
  ...5999 candles so far (back to 2026-07-04)
  ...6299 candles so far (back to 2026-07-02)
  ...6599 candles so far (back to 2026-07-01)
  ...6899 candles so far (back to 2026-06-30)
  ...7199 candles so far (back to 2026-06-29)
  ...7498 candles so far (back to 2026-06-28)
  ...7798 candles so far (back to 2026-06-27)
  ...8098 candles so far (back to 2026-06-26)
  ...8398 candles so far (back to 2026-06-25)
  ...8698 candles so far (back to 2026-06-24)
  ...8998 candles so far (back to 2026-06-23)
  ...9298 candles so far (back to 2026-06-22)
  ...9598 candles so far (back to 2026-06-21)
  ...9898 candles so far (back to 2026-06-20)
  ...10198 candles so far (back to 2026-06-19)
  ...10498 candles so far (back to 2026-06-18)
  ...10798 candles so far (back to 2026-06-17)
  ...11098 candles so far (back to 2026-06-16)
  ...11398 candles so far (back to 2026-06-15)
  ...11698 candles so far (back to 2026-06-14)
  ...11998 candles so far (back to 2026-06-13)
  ...12298 candles so far (back to 2026-06-12)
  ...12598 candles so far (back to 2026-06-11)
  ...12898 candles so far (back to 2026-06-10)
  ...13198 candles so far (back to 2026-06-09)
  ...13498 candles so far (back to 2026-06-07)
  ...13798 candles so far (back to 2026-06-06)
  ...14098 candles so far (back to 2026-06-05)
  ...14398 candles so far (back to 2026-06-04)
  ...14698 candles so far (back to 2026-06-03)
  ...14998 candles so far (back to 2026-06-02)
  ...15298 candles so far (back to 2026-06-01)
  ...15598 candles so far (back to 2026-05-31)
  ...15898 candles so far (back to 2026-05-30)
  ...16198 candles so far (back to 2026-05-29)
  ...16498 candles so far (back to 2026-05-28)
  ...16798 candles so far (back to 2026-05-27)
  ...17098 candles so far (back to 2026-05-26)
  ...17278 candles so far (back to 2026-05-25)
              -> 17278 candles
[13/25] BILL-USD     fetching...
  ...299 candles so far (back to 2026-07-23)
  ...599 candles so far (back to 2026-07-22)
  ...899 candles so far (back to 2026-07-21)
  ...1199 candles so far (back to 2026-07-20)
  ...1499 candles so far (back to 2026-07-19)
  ...1799 candles so far (back to 2026-07-18)
  ...2099 candles so far (back to 2026-07-17)
  ...2399 candles so far (back to 2026-07-16)
  ...2699 candles so far (back to 2026-07-15)
  ...2999 candles so far (back to 2026-07-14)
  ...3299 candles so far (back to 2026-07-13)
  ...3599 candles so far (back to 2026-07-12)
  ...3890 candles so far (back to 2026-07-11)
  ...4178 candles so far (back to 2026-07-10)
  ...4471 candles so far (back to 2026-07-09)
  ...4768 candles so far (back to 2026-07-08)
  ...5066 candles so far (back to 2026-07-07)
  ...5365 candles so far (back to 2026-07-06)
  ...5664 candles so far (back to 2026-07-05)
  ...5963 candles so far (back to 2026-07-04)
  ...6262 candles so far (back to 2026-07-02)
  ...6562 candles so far (back to 2026-07-01)
  ...6862 candles so far (back to 2026-06-30)
  ...7162 candles so far (back to 2026-06-29)
  ...7461 candles so far (back to 2026-06-28)
  ...7761 candles so far (back to 2026-06-27)
  ...8058 candles so far (back to 2026-06-26)
  ...8357 candles so far (back to 2026-06-25)
  ...8657 candles so far (back to 2026-06-24)
  ...8957 candles so far (back to 2026-06-23)
  ...9257 candles so far (back to 2026-06-22)
  ...9557 candles so far (back to 2026-06-21)
  ...9857 candles so far (back to 2026-06-20)
  ...10157 candles so far (back to 2026-06-19)
  ...10457 candles so far (back to 2026-06-18)
  ...10757 candles so far (back to 2026-06-17)
  ...11057 candles so far (back to 2026-06-16)
  ...11357 candles so far (back to 2026-06-15)
  ...11657 candles so far (back to 2026-06-14)
  ...11957 candles so far (back to 2026-06-13)
  ...12257 candles so far (back to 2026-06-12)
  ...12557 candles so far (back to 2026-06-11)
  ...12857 candles so far (back to 2026-06-10)
  ...13157 candles so far (back to 2026-06-09)
  ...13457 candles so far (back to 2026-06-07)
  ...13757 candles so far (back to 2026-06-06)
  ...14057 candles so far (back to 2026-06-05)
  ...14357 candles so far (back to 2026-06-04)
  ...14657 candles so far (back to 2026-06-03)
  ...14957 candles so far (back to 2026-06-02)
  ...15257 candles so far (back to 2026-06-01)
  ...15557 candles so far (back to 2026-05-31)
  ...15857 candles so far (back to 2026-05-30)
  ...16157 candles so far (back to 2026-05-29)
  ...16457 candles so far (back to 2026-05-28)
  ...16757 candles so far (back to 2026-05-27)
  ...17057 candles so far (back to 2026-05-26)
  ...17237 candles so far (back to 2026-05-25)
              -> 17237 candles
[14/25] LTC-USD      fetching...
  ...300 candles so far (back to 2026-07-23)
  ...600 candles so far (back to 2026-07-22)
  ...900 candles so far (back to 2026-07-21)
  ...1200 candles so far (back to 2026-07-20)
  ...1500 candles so far (back to 2026-07-19)
  ...1800 candles so far (back to 2026-07-18)
  ...2100 candles so far (back to 2026-07-17)
  ...2400 candles so far (back to 2026-07-16)
  ...2700 candles so far (back to 2026-07-15)
  ...3000 candles so far (back to 2026-07-14)
  ...3300 candles so far (back to 2026-07-13)
  ...3600 candles so far (back to 2026-07-12)
  ...3900 candles so far (back to 2026-07-11)
  ...4200 candles so far (back to 2026-07-10)
  ...4500 candles so far (back to 2026-07-09)
  ...4800 candles so far (back to 2026-07-08)
  ...5100 candles so far (back to 2026-07-07)
  ...5400 candles so far (back to 2026-07-06)
  ...5700 candles so far (back to 2026-07-05)
  ...6000 candles so far (back to 2026-07-04)
  ...6300 candles so far (back to 2026-07-02)
  ...6600 candles so far (back to 2026-07-01)
  ...6900 candles so far (back to 2026-06-30)
  ...7200 candles so far (back to 2026-06-29)
  ...7500 candles so far (back to 2026-06-28)
  ...7800 candles so far (back to 2026-06-27)
  ...8100 candles so far (back to 2026-06-26)
  ...8400 candles so far (back to 2026-06-25)
  ...8700 candles so far (back to 2026-06-24)
  ...9000 candles so far (back to 2026-06-23)
  ...9300 candles so far (back to 2026-06-22)
  ...9600 candles so far (back to 2026-06-21)
  ...9900 candles so far (back to 2026-06-20)
  ...10200 candles so far (back to 2026-06-19)
  ...10500 candles so far (back to 2026-06-18)
  ...10800 candles so far (back to 2026-06-17)
  ...11100 candles so far (back to 2026-06-16)
  ...11400 candles so far (back to 2026-06-15)
  ...11700 candles so far (back to 2026-06-14)
  ...12000 candles so far (back to 2026-06-13)
  ...12300 candles so far (back to 2026-06-12)
  ...12600 candles so far (back to 2026-06-11)
  ...12900 candles so far (back to 2026-06-10)
  ...13200 candles so far (back to 2026-06-09)
  ...13500 candles so far (back to 2026-06-07)
  ...13800 candles so far (back to 2026-06-06)
  ...14100 candles so far (back to 2026-06-05)
  ...14400 candles so far (back to 2026-06-04)
  ...14700 candles so far (back to 2026-06-03)
  ...15000 candles so far (back to 2026-06-02)
  ...15300 candles so far (back to 2026-06-01)
  ...15600 candles so far (back to 2026-05-31)
  ...15900 candles so far (back to 2026-05-30)
  ...16200 candles so far (back to 2026-05-29)
  ...16500 candles so far (back to 2026-05-28)
  ...16800 candles so far (back to 2026-05-27)
  ...17100 candles so far (back to 2026-05-26)
  ...17280 candles so far (back to 2026-05-25)
              -> 17280 candles
[15/25] ADA-USD      fetching...
  ...300 candles so far (back to 2026-07-23)
  ...600 candles so far (back to 2026-07-22)
  ...900 candles so far (back to 2026-07-21)
  ...1200 candles so far (back to 2026-07-20)
  ...1500 candles so far (back to 2026-07-19)
  ...1800 candles so far (back to 2026-07-18)
  ...2098 candles so far (back to 2026-07-17)
  ...2397 candles so far (back to 2026-07-16)
  ...2697 candles so far (back to 2026-07-15)
  ...2997 candles so far (back to 2026-07-14)
  ...3295 candles so far (back to 2026-07-13)
  ...3594 candles so far (back to 2026-07-12)
  ...3894 candles so far (back to 2026-07-11)
  ...4194 candles so far (back to 2026-07-10)
  ...4494 candles so far (back to 2026-07-09)
  ...4794 candles so far (back to 2026-07-08)
  ...5094 candles so far (back to 2026-07-07)
  ...5394 candles so far (back to 2026-07-06)
  ...5694 candles so far (back to 2026-07-05)
  ...5994 candles so far (back to 2026-07-04)
  ...6294 candles so far (back to 2026-07-02)
  ...6594 candles so far (back to 2026-07-01)
  ...6894 candles so far (back to 2026-06-30)
  ...7193 candles so far (back to 2026-06-29)
  ...7493 candles so far (back to 2026-06-28)
  ...7793 candles so far (back to 2026-06-27)
  ...8093 candles so far (back to 2026-06-26)
  ...8393 candles so far (back to 2026-06-25)
  ...8693 candles so far (back to 2026-06-24)
  ...8993 candles so far (back to 2026-06-23)
  ...9293 candles so far (back to 2026-06-22)
  ...9593 candles so far (back to 2026-06-21)
  ...9892 candles so far (back to 2026-06-20)
  ...10191 candles so far (back to 2026-06-19)
  ...10491 candles so far (back to 2026-06-18)
  ...10791 candles so far (back to 2026-06-17)
  ...11091 candles so far (back to 2026-06-16)
  ...11391 candles so far (back to 2026-06-15)
  ...11691 candles so far (back to 2026-06-14)
  ...11991 candles so far (back to 2026-06-13)
  ...12291 candles so far (back to 2026-06-12)
  ...12591 candles so far (back to 2026-06-11)
  ...12891 candles so far (back to 2026-06-10)
  ...13191 candles so far (back to 2026-06-09)
  ...13491 candles so far (back to 2026-06-07)
  ...13791 candles so far (back to 2026-06-06)
  ...14091 candles so far (back to 2026-06-05)
  ...14391 candles so far (back to 2026-06-04)
  ...14691 candles so far (back to 2026-06-03)
  ...14991 candles so far (back to 2026-06-02)
  ...15291 candles so far (back to 2026-06-01)
  ...15591 candles so far (back to 2026-05-31)
  ...15891 candles so far (back to 2026-05-30)
  ...16191 candles so far (back to 2026-05-29)
  ...16491 candles so far (back to 2026-05-28)
  ...16791 candles so far (back to 2026-05-27)
  ...17091 candles so far (back to 2026-05-26)
  ...17271 candles so far (back to 2026-05-25)
              -> 17271 candles
[16/25] VVV-USD      fetching...
  ...300 candles so far (back to 2026-07-23)
  ...599 candles so far (back to 2026-07-22)
  ...899 candles so far (back to 2026-07-21)
  ...1198 candles so far (back to 2026-07-20)
  ...1496 candles so far (back to 2026-07-19)
  ...1796 candles so far (back to 2026-07-18)
  ...2096 candles so far (back to 2026-07-17)
  ...2396 candles so far (back to 2026-07-16)
  ...2694 candles so far (back to 2026-07-15)
  ...2994 candles so far (back to 2026-07-14)
  ...3294 candles so far (back to 2026-07-13)
  ...3592 candles so far (back to 2026-07-12)
  ...3892 candles so far (back to 2026-07-11)
  ...4192 candles so far (back to 2026-07-10)
  ...4492 candles so far (back to 2026-07-09)
  ...4792 candles so far (back to 2026-07-08)
  ...5092 candles so far (back to 2026-07-07)
  ...5392 candles so far (back to 2026-07-06)
  ...5692 candles so far (back to 2026-07-05)
  ...5992 candles so far (back to 2026-07-04)
  ...6292 candles so far (back to 2026-07-02)
  ...6592 candles so far (back to 2026-07-01)
  ...6892 candles so far (back to 2026-06-30)
  ...7192 candles so far (back to 2026-06-29)
  ...7491 candles so far (back to 2026-06-28)
  ...7790 candles so far (back to 2026-06-27)
  ...8089 candles so far (back to 2026-06-26)
  ...8388 candles so far (back to 2026-06-25)
  ...8688 candles so far (back to 2026-06-24)
  ...8986 candles so far (back to 2026-06-23)
  ...9285 candles so far (back to 2026-06-22)
  ...9585 candles so far (back to 2026-06-21)
  ...9879 candles so far (back to 2026-06-20)
  ...10179 candles so far (back to 2026-06-19)
  ...10479 candles so far (back to 2026-06-18)
  ...10778 candles so far (back to 2026-06-17)
  ...11078 candles so far (back to 2026-06-16)
  ...11378 candles so far (back to 2026-06-15)
  ...11678 candles so far (back to 2026-06-14)
  ...11978 candles so far (back to 2026-06-13)
  ...12278 candles so far (back to 2026-06-12)
  ...12578 candles so far (back to 2026-06-11)
  ...12878 candles so far (back to 2026-06-10)
  ...13178 candles so far (back to 2026-06-09)
  ...13478 candles so far (back to 2026-06-07)
  ...13778 candles so far (back to 2026-06-06)
  ...14078 candles so far (back to 2026-06-05)
  ...14378 candles so far (back to 2026-06-04)
  ...14678 candles so far (back to 2026-06-03)
  ...14978 candles so far (back to 2026-06-02)
  ...15277 candles so far (back to 2026-06-01)
  ...15577 candles so far (back to 2026-05-31)
  ...15877 candles so far (back to 2026-05-30)
  ...16177 candles so far (back to 2026-05-29)
  ...16477 candles so far (back to 2026-05-28)
  ...16777 candles so far (back to 2026-05-27)
  ...17077 candles so far (back to 2026-05-26)
  ...17257 candles so far (back to 2026-05-25)
              -> 17257 candles
[17/25] LINK-USD     fetching...
  ...300 candles so far (back to 2026-07-23)
  ...600 candles so far (back to 2026-07-22)
  ...900 candles so far (back to 2026-07-21)
  ...1200 candles so far (back to 2026-07-20)
  ...1500 candles so far (back to 2026-07-19)
  ...1800 candles so far (back to 2026-07-18)
  ...2100 candles so far (back to 2026-07-17)
  ...2400 candles so far (back to 2026-07-16)
  ...2700 candles so far (back to 2026-07-15)
  ...3000 candles so far (back to 2026-07-14)
  ...3300 candles so far (back to 2026-07-13)
  ...3600 candles so far (back to 2026-07-12)
  ...3900 candles so far (back to 2026-07-11)
  ...4200 candles so far (back to 2026-07-10)
  ...4500 candles so far (back to 2026-07-09)
  ...4800 candles so far (back to 2026-07-08)
  ...5100 candles so far (back to 2026-07-07)
  ...5400 candles so far (back to 2026-07-06)
  ...5700 candles so far (back to 2026-07-05)
  ...6000 candles so far (back to 2026-07-04)
  ...6300 candles so far (back to 2026-07-02)
  ...6600 candles so far (back to 2026-07-01)
  ...6900 candles so far (back to 2026-06-30)
  ...7200 candles so far (back to 2026-06-29)
  ...7500 candles so far (back to 2026-06-28)
  ...7800 candles so far (back to 2026-06-27)
  ...8100 candles so far (back to 2026-06-26)
  ...8400 candles so far (back to 2026-06-25)
  ...8700 candles so far (back to 2026-06-24)
  ...9000 candles so far (back to 2026-06-23)
  ...9300 candles so far (back to 2026-06-22)
  ...9600 candles so far (back to 2026-06-21)
  ...9900 candles so far (back to 2026-06-20)
  ...10200 candles so far (back to 2026-06-19)
  ...10500 candles so far (back to 2026-06-18)
  ...10800 candles so far (back to 2026-06-17)
  ...11100 candles so far (back to 2026-06-16)
  ...11400 candles so far (back to 2026-06-15)
  ...11700 candles so far (back to 2026-06-14)
  ...12000 candles so far (back to 2026-06-13)
  ...12300 candles so far (back to 2026-06-12)
  ...12600 candles so far (back to 2026-06-11)
  ...12900 candles so far (back to 2026-06-10)
  ...13200 candles so far (back to 2026-06-09)
  ...13500 candles so far (back to 2026-06-07)
  ...13800 candles so far (back to 2026-06-06)
  ...14100 candles so far (back to 2026-06-05)
  ...14400 candles so far (back to 2026-06-04)
  ...14700 candles so far (back to 2026-06-03)
  ...15000 candles so far (back to 2026-06-02)
  ...15300 candles so far (back to 2026-06-01)
  ...15600 candles so far (back to 2026-05-31)
  ...15900 candles so far (back to 2026-05-30)
  ...16200 candles so far (back to 2026-05-29)
  ...16500 candles so far (back to 2026-05-28)
  ...16800 candles so far (back to 2026-05-27)
  ...17100 candles so far (back to 2026-05-26)
  ...17280 candles so far (back to 2026-05-25)
              -> 17280 candles
[18/25] TAO-USD      fetching...
  ...300 candles so far (back to 2026-07-23)
  ...600 candles so far (back to 2026-07-22)
  ...900 candles so far (back to 2026-07-21)
  ...1200 candles so far (back to 2026-07-20)
  ...1500 candles so far (back to 2026-07-19)
  ...1800 candles so far (back to 2026-07-18)
  ...2099 candles so far (back to 2026-07-17)
  ...2399 candles so far (back to 2026-07-16)
  ...2699 candles so far (back to 2026-07-15)
  ...2999 candles so far (back to 2026-07-14)
  ...3299 candles so far (back to 2026-07-13)
  ...3599 candles so far (back to 2026-07-12)
  ...3898 candles so far (back to 2026-07-11)
  ...4198 candles so far (back to 2026-07-10)
  ...4498 candles so far (back to 2026-07-09)
  ...4798 candles so far (back to 2026-07-08)
  ...5098 candles so far (back to 2026-07-07)
  ...5398 candles so far (back to 2026-07-06)
  ...5698 candles so far (back to 2026-07-05)
  ...5998 candles so far (back to 2026-07-04)
  ...6298 candles so far (back to 2026-07-02)
  ...6598 candles so far (back to 2026-07-01)
  ...6898 candles so far (back to 2026-06-30)
  ...7198 candles so far (back to 2026-06-29)
  ...7498 candles so far (back to 2026-06-28)
  ...7798 candles so far (back to 2026-06-27)
  ...8098 candles so far (back to 2026-06-26)
  ...8398 candles so far (back to 2026-06-25)
  ...8698 candles so far (back to 2026-06-24)
  ...8998 candles so far (back to 2026-06-23)
  ...9298 candles so far (back to 2026-06-22)
  ...9598 candles so far (back to 2026-06-21)
  ...9898 candles so far (back to 2026-06-20)
  ...10198 candles so far (back to 2026-06-19)
  ...10498 candles so far (back to 2026-06-18)
  ...10798 candles so far (back to 2026-06-17)
  ...11098 candles so far (back to 2026-06-16)
  ...11398 candles so far (back to 2026-06-15)
  ...11698 candles so far (back to 2026-06-14)
  ...11998 candles so far (back to 2026-06-13)
  ...12298 candles so far (back to 2026-06-12)
  ...12598 candles so far (back to 2026-06-11)
  ...12898 candles so far (back to 2026-06-10)
  ...13198 candles so far (back to 2026-06-09)
  ...13498 candles so far (back to 2026-06-07)
  ...13798 candles so far (back to 2026-06-06)
  ...14098 candles so far (back to 2026-06-05)
  ...14398 candles so far (back to 2026-06-04)
  ...14698 candles so far (back to 2026-06-03)
  ...14998 candles so far (back to 2026-06-02)
  ...15298 candles so far (back to 2026-06-01)
  ...15598 candles so far (back to 2026-05-31)
  ...15898 candles so far (back to 2026-05-30)
  ...16198 candles so far (back to 2026-05-29)
  ...16498 candles so far (back to 2026-05-28)
  ...16798 candles so far (back to 2026-05-27)
  ...17098 candles so far (back to 2026-05-26)
  ...17278 candles so far (back to 2026-05-25)
              -> 17278 candles
[19/25] ENA-USD      fetching...
  ...268 candles so far (back to 2026-07-23)
  ...548 candles so far (back to 2026-07-22)
  ...836 candles so far (back to 2026-07-21)
  ...1102 candles so far (back to 2026-07-20)
  ...1354 candles so far (back to 2026-07-19)
  ...1557 candles so far (back to 2026-07-18)
  ...1783 candles so far (back to 2026-07-17)
  ...2057 candles so far (back to 2026-07-16)
  ...2305 candles so far (back to 2026-07-15)
  ...2551 candles so far (back to 2026-07-14)
  ...2815 candles so far (back to 2026-07-13)
  ...3069 candles so far (back to 2026-07-12)
  ...3338 candles so far (back to 2026-07-11)
  ...3626 candles so far (back to 2026-07-10)
  ...3902 candles so far (back to 2026-07-09)
  ...4172 candles so far (back to 2026-07-08)
  ...4446 candles so far (back to 2026-07-07)
  ...4704 candles so far (back to 2026-07-06)
  ...4963 candles so far (back to 2026-07-05)
  ...5207 candles so far (back to 2026-07-04)
  ...5492 candles so far (back to 2026-07-02)
  ...5783 candles so far (back to 2026-07-01)
  ...6077 candles so far (back to 2026-06-30)
  ...6361 candles so far (back to 2026-06-29)
  ...6653 candles so far (back to 2026-06-28)
  ...6906 candles so far (back to 2026-06-27)
  ...7174 candles so far (back to 2026-06-26)
  ...7471 candles so far (back to 2026-06-25)
  ...7758 candles so far (back to 2026-06-24)
  ...8044 candles so far (back to 2026-06-23)
  ...8344 candles so far (back to 2026-06-22)
  ...8643 candles so far (back to 2026-06-21)
  ...8942 candles so far (back to 2026-06-20)
  ...9238 candles so far (back to 2026-06-19)
  ...9538 candles so far (back to 2026-06-18)
  ...9838 candles so far (back to 2026-06-17)
  ...10138 candles so far (back to 2026-06-16)
  ...10438 candles so far (back to 2026-06-15)
  ...10738 candles so far (back to 2026-06-14)
  ...11037 candles so far (back to 2026-06-13)
  ...11336 candles so far (back to 2026-06-12)
  ...11636 candles so far (back to 2026-06-11)
  ...11933 candles so far (back to 2026-06-10)
  ...12233 candles so far (back to 2026-06-09)
  ...12533 candles so far (back to 2026-06-07)
  ...12833 candles so far (back to 2026-06-06)
  ...13133 candles so far (back to 2026-06-05)
  ...13433 candles so far (back to 2026-06-04)
  ...13733 candles so far (back to 2026-06-03)
  ...14033 candles so far (back to 2026-06-02)
  ...14330 candles so far (back to 2026-06-01)
  ...14621 candles so far (back to 2026-05-31)
  ...14894 candles so far (back to 2026-05-30)
  ...15184 candles so far (back to 2026-05-29)
  ...15471 candles so far (back to 2026-05-28)
  ...15757 candles so far (back to 2026-05-27)
  ...16041 candles so far (back to 2026-05-26)
  ...16208 candles so far (back to 2026-05-25)
              -> 16208 candles
[20/25] HBAR-USD     fetching...
  ...300 candles so far (back to 2026-07-23)
  ...600 candles so far (back to 2026-07-22)
  ...900 candles so far (back to 2026-07-21)
  ...1200 candles so far (back to 2026-07-20)
  ...1500 candles so far (back to 2026-07-19)
  ...1799 candles so far (back to 2026-07-18)
  ...2098 candles so far (back to 2026-07-17)
  ...2398 candles so far (back to 2026-07-16)
  ...2698 candles so far (back to 2026-07-15)
  ...2998 candles so far (back to 2026-07-14)
  ...3298 candles so far (back to 2026-07-13)
  ...3598 candles so far (back to 2026-07-12)
  ...3897 candles so far (back to 2026-07-11)
  ...4197 candles so far (back to 2026-07-10)
  ...4497 candles so far (back to 2026-07-09)
  ...4797 candles so far (back to 2026-07-08)
  ...5097 candles so far (back to 2026-07-07)
  ...5396 candles so far (back to 2026-07-06)
  ...5696 candles so far (back to 2026-07-05)
  ...5996 candles so far (back to 2026-07-04)
  ...6296 candles so far (back to 2026-07-02)
  ...6596 candles so far (back to 2026-07-01)
  ...6896 candles so far (back to 2026-06-30)
  ...7196 candles so far (back to 2026-06-29)
  ...7495 candles so far (back to 2026-06-28)
  ...7795 candles so far (back to 2026-06-27)
  ...8095 candles so far (back to 2026-06-26)
  ...8395 candles so far (back to 2026-06-25)
  ...8695 candles so far (back to 2026-06-24)
  ...8995 candles so far (back to 2026-06-23)
  ...9295 candles so far (back to 2026-06-22)
  ...9595 candles so far (back to 2026-06-21)
  ...9895 candles so far (back to 2026-06-20)
  ...10195 candles so far (back to 2026-06-19)
  ...10495 candles so far (back to 2026-06-18)
  ...10795 candles so far (back to 2026-06-17)
  ...11094 candles so far (back to 2026-06-16)
  ...11394 candles so far (back to 2026-06-15)
  ...11694 candles so far (back to 2026-06-14)
  ...11994 candles so far (back to 2026-06-13)
  ...12294 candles so far (back to 2026-06-12)
  ...12594 candles so far (back to 2026-06-11)
  ...12894 candles so far (back to 2026-06-10)
  ...13194 candles so far (back to 2026-06-09)
  ...13494 candles so far (back to 2026-06-07)
  ...13794 candles so far (back to 2026-06-06)
  ...14094 candles so far (back to 2026-06-05)
  ...14394 candles so far (back to 2026-06-04)
  ...14694 candles so far (back to 2026-06-03)
  ...14994 candles so far (back to 2026-06-02)
  ...15294 candles so far (back to 2026-06-01)
  ...15594 candles so far (back to 2026-05-31)
  ...15894 candles so far (back to 2026-05-30)
  ...16194 candles so far (back to 2026-05-29)
  ...16494 candles so far (back to 2026-05-28)
  ...16794 candles so far (back to 2026-05-27)
  ...17094 candles so far (back to 2026-05-26)
  ...17274 candles so far (back to 2026-05-25)
              -> 17274 candles
[21/25] UNI-USD      fetching...
  ...299 candles so far (back to 2026-07-23)
  ...599 candles so far (back to 2026-07-22)
  ...899 candles so far (back to 2026-07-21)
  ...1199 candles so far (back to 2026-07-20)
  ...1498 candles so far (back to 2026-07-19)
  ...1788 candles so far (back to 2026-07-18)
  ...2087 candles so far (back to 2026-07-17)
  ...2387 candles so far (back to 2026-07-16)
  ...2687 candles so far (back to 2026-07-15)
  ...2987 candles so far (back to 2026-07-14)
  ...3287 candles so far (back to 2026-07-13)
  ...3587 candles so far (back to 2026-07-12)
  ...3887 candles so far (back to 2026-07-11)
  ...4187 candles so far (back to 2026-07-10)
  ...4487 candles so far (back to 2026-07-09)
  ...4787 candles so far (back to 2026-07-08)
  ...5086 candles so far (back to 2026-07-07)
  ...5385 candles so far (back to 2026-07-06)
  ...5682 candles so far (back to 2026-07-05)
  ...5980 candles so far (back to 2026-07-04)
  ...6279 candles so far (back to 2026-07-02)
  ...6577 candles so far (back to 2026-07-01)
  ...6877 candles so far (back to 2026-06-30)
  ...7175 candles so far (back to 2026-06-29)
  ...7472 candles so far (back to 2026-06-28)
  ...7772 candles so far (back to 2026-06-27)
  ...8071 candles so far (back to 2026-06-26)
  ...8371 candles so far (back to 2026-06-25)
  ...8671 candles so far (back to 2026-06-24)
  ...8970 candles so far (back to 2026-06-23)
  ...9270 candles so far (back to 2026-06-22)
  ...9569 candles so far (back to 2026-06-21)
  ...9869 candles so far (back to 2026-06-20)
  ...10168 candles so far (back to 2026-06-19)
  ...10468 candles so far (back to 2026-06-18)
  ...10768 candles so far (back to 2026-06-17)
  ...11068 candles so far (back to 2026-06-16)
  ...11368 candles so far (back to 2026-06-15)
  ...11658 candles so far (back to 2026-06-14)
  ...11951 candles so far (back to 2026-06-13)
  ...12249 candles so far (back to 2026-06-12)
  ...12548 candles so far (back to 2026-06-11)
  ...12845 candles so far (back to 2026-06-10)
  ...13144 candles so far (back to 2026-06-09)
  ...13442 candles so far (back to 2026-06-07)
  ...13740 candles so far (back to 2026-06-06)
  ...14040 candles so far (back to 2026-06-05)
  ...14340 candles so far (back to 2026-06-04)
  ...14640 candles so far (back to 2026-06-03)
  ...14940 candles so far (back to 2026-06-02)
  ...15240 candles so far (back to 2026-06-01)
  ...15538 candles so far (back to 2026-05-31)
  ...15824 candles so far (back to 2026-05-30)
  ...16116 candles so far (back to 2026-05-29)
  ...16415 candles so far (back to 2026-05-28)
  ...16715 candles so far (back to 2026-05-27)
  ...17015 candles so far (back to 2026-05-26)
  ...17195 candles so far (back to 2026-05-25)
              -> 17195 candles
[22/25] AERO-USD     fetching...
  ...300 candles so far (back to 2026-07-23)
  ...600 candles so far (back to 2026-07-22)
  ...900 candles so far (back to 2026-07-21)
  ...1200 candles so far (back to 2026-07-20)
  ...1500 candles so far (back to 2026-07-19)
  ...1799 candles so far (back to 2026-07-18)
  ...2099 candles so far (back to 2026-07-17)
  ...2399 candles so far (back to 2026-07-16)
  ...2699 candles so far (back to 2026-07-15)
  ...2999 candles so far (back to 2026-07-14)
  ...3299 candles so far (back to 2026-07-13)
  ...3597 candles so far (back to 2026-07-12)
  ...3896 candles so far (back to 2026-07-11)
  ...4196 candles so far (back to 2026-07-10)
  ...4496 candles so far (back to 2026-07-09)
  ...4796 candles so far (back to 2026-07-08)
  ...5095 candles so far (back to 2026-07-07)
  ...5395 candles so far (back to 2026-07-06)
  ...5694 candles so far (back to 2026-07-05)
  ...5994 candles so far (back to 2026-07-04)
  ...6294 candles so far (back to 2026-07-02)
  ...6594 candles so far (back to 2026-07-01)
  ...6893 candles so far (back to 2026-06-30)
  ...7193 candles so far (back to 2026-06-29)
  ...7493 candles so far (back to 2026-06-28)
  ...7793 candles so far (back to 2026-06-27)
  ...8093 candles so far (back to 2026-06-26)
  ...8393 candles so far (back to 2026-06-25)
  ...8693 candles so far (back to 2026-06-24)
  ...8993 candles so far (back to 2026-06-23)
  ...9293 candles so far (back to 2026-06-22)
  ...9593 candles so far (back to 2026-06-21)
  ...9893 candles so far (back to 2026-06-20)
  ...10193 candles so far (back to 2026-06-19)
  ...10493 candles so far (back to 2026-06-18)
  ...10793 candles so far (back to 2026-06-17)
  ...11093 candles so far (back to 2026-06-16)
  ...11393 candles so far (back to 2026-06-15)
  ...11693 candles so far (back to 2026-06-14)
  ...11993 candles so far (back to 2026-06-13)
  ...12293 candles so far (back to 2026-06-12)
  ...12593 candles so far (back to 2026-06-11)
  ...12893 candles so far (back to 2026-06-10)
  ...13193 candles so far (back to 2026-06-09)
  ...13493 candles so far (back to 2026-06-07)
  ...13793 candles so far (back to 2026-06-06)
  ...14093 candles so far (back to 2026-06-05)
  ...14393 candles so far (back to 2026-06-04)
  ...14693 candles so far (back to 2026-06-03)
  ...14993 candles so far (back to 2026-06-02)
  ...15293 candles so far (back to 2026-06-01)
  ...15593 candles so far (back to 2026-05-31)
  ...15893 candles so far (back to 2026-05-30)
  ...16193 candles so far (back to 2026-05-29)
  ...16493 candles so far (back to 2026-05-28)
  ...16793 candles so far (back to 2026-05-27)
  ...17093 candles so far (back to 2026-05-26)
  ...17273 candles so far (back to 2026-05-25)
              -> 17273 candles
[23/25] ALLO-USD     fetching...
  ...290 candles so far (back to 2026-07-23)
  ...566 candles so far (back to 2026-07-22)
  ...857 candles so far (back to 2026-07-21)
  ...1154 candles so far (back to 2026-07-20)
  ...1449 candles so far (back to 2026-07-19)
  ...1748 candles so far (back to 2026-07-18)
  ...2046 candles so far (back to 2026-07-17)
  ...2346 candles so far (back to 2026-07-16)
  ...2644 candles so far (back to 2026-07-15)
  ...2944 candles so far (back to 2026-07-14)
  ...3239 candles so far (back to 2026-07-13)
  ...3497 candles so far (back to 2026-07-12)
  ...3766 candles so far (back to 2026-07-11)
  ...4058 candles so far (back to 2026-07-10)
  ...4355 candles so far (back to 2026-07-09)
  ...4655 candles so far (back to 2026-07-08)
  ...4953 candles so far (back to 2026-07-07)
  ...5249 candles so far (back to 2026-07-06)
  ...5549 candles so far (back to 2026-07-05)
  ...5849 candles so far (back to 2026-07-04)
  ...6149 candles so far (back to 2026-07-02)
  ...6449 candles so far (back to 2026-07-01)
  ...6729 candles so far (back to 2026-06-30)
  ...7018 candles so far (back to 2026-06-29)
  ...7309 candles so far (back to 2026-06-28)
  ...7605 candles so far (back to 2026-06-27)
  ...7905 candles so far (back to 2026-06-26)
  ...8203 candles so far (back to 2026-06-25)
  ...8501 candles so far (back to 2026-06-24)
  ...8801 candles so far (back to 2026-06-23)
  ...9097 candles so far (back to 2026-06-22)
  ...9382 candles so far (back to 2026-06-21)
  ...9639 candles so far (back to 2026-06-20)
  ...9910 candles so far (back to 2026-06-19)
  ...10205 candles so far (back to 2026-06-18)
  ...10505 candles so far (back to 2026-06-17)
  ...10804 candles so far (back to 2026-06-16)
  ...11104 candles so far (back to 2026-06-15)
  ...11402 candles so far (back to 2026-06-14)
  ...11702 candles so far (back to 2026-06-13)
  ...12002 candles so far (back to 2026-06-12)
  ...12302 candles so far (back to 2026-06-11)
  ...12602 candles so far (back to 2026-06-10)
  ...12902 candles so far (back to 2026-06-09)
  ...13202 candles so far (back to 2026-06-07)
  ...13502 candles so far (back to 2026-06-06)
  ...13802 candles so far (back to 2026-06-05)
  ...14101 candles so far (back to 2026-06-04)
  ...14401 candles so far (back to 2026-06-03)
  ...14701 candles so far (back to 2026-06-02)
  ...15001 candles so far (back to 2026-06-01)
  ...15301 candles so far (back to 2026-05-31)
  ...15601 candles so far (back to 2026-05-30)
  ...15901 candles so far (back to 2026-05-29)
  ...16201 candles so far (back to 2026-05-28)
  ...16428 candles so far (back to 2026-05-27)
  ...16608 candles so far (back to 2026-05-26)
  ...16670 candles so far (back to 2026-05-25)
              -> 16670 candles
[24/25] GWEI-USD     fetching...
  ...287 candles so far (back to 2026-07-23)
  ...563 candles so far (back to 2026-07-22)
  ...818 candles so far (back to 2026-07-21)
  ...1055 candles so far (back to 2026-07-20)
  ...1302 candles so far (back to 2026-07-19)
  ...1530 candles so far (back to 2026-07-18)
  ...1818 candles so far (back to 2026-07-17)
  ...2099 candles so far (back to 2026-07-16)
  ...2397 candles so far (back to 2026-07-15)
  ...2677 candles so far (back to 2026-07-14)
  ...2957 candles so far (back to 2026-07-13)
  ...3242 candles so far (back to 2026-07-12)
  ...3540 candles so far (back to 2026-07-11)
  ...3834 candles so far (back to 2026-07-10)
  ...4130 candles so far (back to 2026-07-09)
  ...4427 candles so far (back to 2026-07-08)
  ...4711 candles so far (back to 2026-07-07)
  ...4968 candles so far (back to 2026-07-06)
  ...5246 candles so far (back to 2026-07-05)
  ...5537 candles so far (back to 2026-07-04)
  ...5826 candles so far (back to 2026-07-02)
  ...6125 candles so far (back to 2026-07-01)
  ...6422 candles so far (back to 2026-06-30)
  ...6722 candles so far (back to 2026-06-29)
  ...7020 candles so far (back to 2026-06-28)
  ...7283 candles so far (back to 2026-06-27)
  ...7537 candles so far (back to 2026-06-26)
  ...7795 candles so far (back to 2026-06-25)
  ...8094 candles so far (back to 2026-06-24)
  ...8313 candles so far (back to 2026-06-23)
  ...8605 candles so far (back to 2026-06-22)
  ...8818 candles so far (back to 2026-06-21)
  ...9049 candles so far (back to 2026-06-20)
  ...9309 candles so far (back to 2026-06-19)
  ...9584 candles so far (back to 2026-06-18)
  ...9873 candles so far (back to 2026-06-17)
  ...10171 candles so far (back to 2026-06-16)
  ...10446 candles so far (back to 2026-06-15)
  ...10710 candles so far (back to 2026-06-14)
  ...11003 candles so far (back to 2026-06-13)
  ...11295 candles so far (back to 2026-06-12)
  ...11588 candles so far (back to 2026-06-11)
  ...11887 candles so far (back to 2026-06-10)
  ...12186 candles so far (back to 2026-06-09)
  ...12480 candles so far (back to 2026-06-07)
  ...12780 candles so far (back to 2026-06-06)
  ...13038 candles so far (back to 2026-06-05)
  ...13214 candles so far (back to 2026-06-04)
  ...13397 candles so far (back to 2026-06-03)
  ...13560 candles so far (back to 2026-06-02)
  ...13753 candles so far (back to 2026-06-01)
  ...13974 candles so far (back to 2026-05-31)
  ...14133 candles so far (back to 2026-05-30)
  ...14302 candles so far (back to 2026-05-29)
  ...14480 candles so far (back to 2026-05-28)
  ...14686 candles so far (back to 2026-05-27)
  ...14905 candles so far (back to 2026-05-26)
  ...14994 candles so far (back to 2026-05-25)
              -> 14994 candles
[25/25] PUMP-USD     fetching...
  ...273 candles so far (back to 2026-07-23)
  ...550 candles so far (back to 2026-07-22)
  ...846 candles so far (back to 2026-07-21)
  ...1146 candles so far (back to 2026-07-20)
  ...1444 candles so far (back to 2026-07-19)
  ...1664 candles so far (back to 2026-07-18)
  ...1927 candles so far (back to 2026-07-17)
  ...2223 candles so far (back to 2026-07-16)
  ...2520 candles so far (back to 2026-07-15)
  ...2815 candles so far (back to 2026-07-14)
  ...3096 candles so far (back to 2026-07-13)
  ...3369 candles so far (back to 2026-07-12)
  ...3603 candles so far (back to 2026-07-11)
  ...3863 candles so far (back to 2026-07-10)
  ...4117 candles so far (back to 2026-07-09)
  ...4404 candles so far (back to 2026-07-08)
  ...4697 candles so far (back to 2026-07-07)
  ...4988 candles so far (back to 2026-07-06)
  ...5262 candles so far (back to 2026-07-05)
  ...5541 candles so far (back to 2026-07-04)
  ...5836 candles so far (back to 2026-07-02)
  ...6132 candles so far (back to 2026-07-01)
  ...6414 candles so far (back to 2026-06-30)
  ...6702 candles so far (back to 2026-06-29)
  ...7002 candles so far (back to 2026-06-28)
  ...7301 candles so far (back to 2026-06-27)
  ...7598 candles so far (back to 2026-06-26)
  ...7897 candles so far (back to 2026-06-25)
  ...8194 candles so far (back to 2026-06-24)
  ...8487 candles so far (back to 2026-06-23)
  ...8780 candles so far (back to 2026-06-22)
  ...9077 candles so far (back to 2026-06-21)
  ...9360 candles so far (back to 2026-06-20)
  ...9625 candles so far (back to 2026-06-19)
  ...9912 candles so far (back to 2026-06-18)
  ...10207 candles so far (back to 2026-06-17)
  ...10496 candles so far (back to 2026-06-16)
  ...10794 candles so far (back to 2026-06-15)
  ...11085 candles so far (back to 2026-06-14)
  ...11374 candles so far (back to 2026-06-13)
  ...11668 candles so far (back to 2026-06-12)
  ...11964 candles so far (back to 2026-06-11)
  ...12259 candles so far (back to 2026-06-10)
  ...12554 candles so far (back to 2026-06-09)
  ...12854 candles so far (back to 2026-06-07)
  ...13152 candles so far (back to 2026-06-06)
  ...13452 candles so far (back to 2026-06-05)
  ...13752 candles so far (back to 2026-06-04)
  ...14052 candles so far (back to 2026-06-03)
  ...14349 candles so far (back to 2026-06-02)
  ...14649 candles so far (back to 2026-06-01)
  ...14944 candles so far (back to 2026-05-31)
  ...15215 candles so far (back to 2026-05-30)
  ...15506 candles so far (back to 2026-05-29)
  ...15793 candles so far (back to 2026-05-28)
  ...16093 candles so far (back to 2026-05-27)
  ...16389 candles so far (back to 2026-05-26)
  ...16566 candles so far (back to 2026-05-25)
              -> 16566 candles

Done in 12.8 min. downloaded=24 skipped=1 failed=0
