crypto lane clear; starting stock exams Sun Aug  2 16:22:16 UTC 2026
===== EXAM s_trend_33 =====
[criterion 9] permutation x200 ... (minutes)

=== HOURLY EXAM: s_trend_33 ===
main windows 120 (10 pairs, 10 dropped for gaps) | holdout windows 0 | trades 5766
stitched +428.3% vs B&H +18178008.1% (net +17119140.6%)
Sharpe 0.28 vs luck hurdle 1.14 (K=50 trials) | permutation p=0.4776
  [PASS] 1_sample   (>=24 win, >=4 pairs)
  [FAIL] 2_safety   (DD never worse)
  [PASS] 3_riskedge (shallower >=60%)
  [FAIL] 4_return   (>= B&H net-to-net)
  [PASS] 5_activity (>=4 trades)
  [FAIL] 6_feestress(2-4 hold @1.5x)
  [FAIL] 7_beatsdaily(no daily pass -> =4)
  [FAIL] 8_holdout  (2-4 on final 120d)
  [FAIL] 9_notluck  (p<0.05 & SR>hurdle)
VERDICT: FAIL - control only
saved -> /Users/haroonrasheed/Projects/cryptobot/backtest/results/exam1h_s_trend_33_2026-08-02.csv
ledger -> /Users/haroonrasheed/Projects/cryptobot/backtest/results/exam_ledger.csv (timeframe=1h)
exit=0 done-s_trend_33
===== EXAM s_cross_7_33 =====
[criterion 9] permutation x200 ... (minutes)

=== HOURLY EXAM: s_cross_7_33 ===
main windows 120 (10 pairs, 10 dropped for gaps) | holdout windows 0 | trades 3050
stitched +809.8% vs B&H +18178008.1% (net +17119140.6%)
Sharpe 0.34 vs luck hurdle 1.14 (K=51 trials) | permutation p=0.6567
  [PASS] 1_sample   (>=24 win, >=4 pairs)
  [FAIL] 2_safety   (DD never worse)
  [PASS] 3_riskedge (shallower >=60%)
  [FAIL] 4_return   (>= B&H net-to-net)
  [PASS] 5_activity (>=4 trades)
  [FAIL] 6_feestress(2-4 hold @1.5x)
  [FAIL] 7_beatsdaily(no daily pass -> =4)
  [FAIL] 8_holdout  (2-4 on final 120d)
  [FAIL] 9_notluck  (p<0.05 & SR>hurdle)
VERDICT: FAIL - control only
saved -> /Users/haroonrasheed/Projects/cryptobot/backtest/results/exam1h_s_cross_7_33_2026-08-02.csv
ledger -> /Users/haroonrasheed/Projects/cryptobot/backtest/results/exam_ledger.csv (timeframe=1h)
exit=0 done-s_cross_7_33
===== EXAM s_tsmom_21 =====
[criterion 9] permutation x200 ... (minutes)

=== HOURLY EXAM: s_tsmom_21 ===
main windows 120 (10 pairs, 10 dropped for gaps) | holdout windows 0 | trades 6432
stitched +583.5% vs B&H +21716679.6% (net +20451686.0%)
Sharpe 0.31 vs luck hurdle 1.14 (K=52 trials) | permutation p=0.3134
  [PASS] 1_sample   (>=24 win, >=4 pairs)
  [FAIL] 2_safety   (DD never worse)
  [PASS] 3_riskedge (shallower >=60%)
  [FAIL] 4_return   (>= B&H net-to-net)
  [PASS] 5_activity (>=4 trades)
  [FAIL] 6_feestress(2-4 hold @1.5x)
  [FAIL] 7_beatsdaily(no daily pass -> =4)
  [FAIL] 8_holdout  (2-4 on final 120d)
  [FAIL] 9_notluck  (p<0.05 & SR>hurdle)
VERDICT: FAIL - control only
saved -> /Users/haroonrasheed/Projects/cryptobot/backtest/results/exam1h_s_tsmom_21_2026-08-02.csv
ledger -> /Users/haroonrasheed/Projects/cryptobot/backtest/results/exam_ledger.csv (timeframe=1h)
exit=0 done-s_tsmom_21
===== EXAM s_macd_12_26 =====
[criterion 9] permutation x200 ... (minutes)

=== HOURLY EXAM: s_macd_12_26 ===
main windows 120 (10 pairs, 10 dropped for gaps) | holdout windows 0 | trades 5574
stitched +1352.6% vs B&H +12175192.0% (net +11465986.2%)
Sharpe 0.38 vs luck hurdle 1.15 (K=53 trials) | permutation p=0.2438
  [PASS] 1_sample   (>=24 win, >=4 pairs)
  [FAIL] 2_safety   (DD never worse)
  [PASS] 3_riskedge (shallower >=60%)
  [FAIL] 4_return   (>= B&H net-to-net)
  [PASS] 5_activity (>=4 trades)
  [FAIL] 6_feestress(2-4 hold @1.5x)
  [FAIL] 7_beatsdaily(no daily pass -> =4)
  [FAIL] 8_holdout  (2-4 on final 120d)
  [FAIL] 9_notluck  (p<0.05 & SR>hurdle)
VERDICT: FAIL - control only
saved -> /Users/haroonrasheed/Projects/cryptobot/backtest/results/exam1h_s_macd_12_26_2026-08-02.csv
ledger -> /Users/haroonrasheed/Projects/cryptobot/backtest/results/exam_ledger.csv (timeframe=1h)
exit=0 done-s_macd_12_26
===== EXAM s_donch_14_7 =====
[criterion 9] permutation x200 ... (minutes)

=== HOURLY EXAM: s_donch_14_7 ===
main windows 120 (10 pairs, 10 dropped for gaps) | holdout windows 0 | trades 5017
stitched -32.8% vs B&H +34913724.2% (net +32880008.0%)
Sharpe 0.05 vs luck hurdle 1.15 (K=54 trials) | permutation p=0.7861
  [PASS] 1_sample   (>=24 win, >=4 pairs)
  [FAIL] 2_safety   (DD never worse)
  [PASS] 3_riskedge (shallower >=60%)
  [FAIL] 4_return   (>= B&H net-to-net)
  [PASS] 5_activity (>=4 trades)
  [FAIL] 6_feestress(2-4 hold @1.5x)
  [FAIL] 7_beatsdaily(no daily pass -> =4)
  [FAIL] 8_holdout  (2-4 on final 120d)
  [FAIL] 9_notluck  (p<0.05 & SR>hurdle)
VERDICT: FAIL - control only
saved -> /Users/haroonrasheed/Projects/cryptobot/backtest/results/exam1h_s_donch_14_7_2026-08-02.csv
ledger -> /Users/haroonrasheed/Projects/cryptobot/backtest/results/exam_ledger.csv (timeframe=1h)
exit=0 done-s_donch_14_7
===== EXAM s_volbrk_7_33 =====
[criterion 9] permutation x200 ... (minutes)

=== HOURLY EXAM: s_volbrk_7_33 ===
main windows 120 (10 pairs, 10 dropped for gaps) | holdout windows 0 | trades 5572
stitched +147.5% vs B&H +24969340.7% (net +23514880.9%)
Sharpe 0.21 vs luck hurdle 1.16 (K=55 trials) | permutation p=0.4279
  [PASS] 1_sample   (>=24 win, >=4 pairs)
  [FAIL] 2_safety   (DD never worse)
  [PASS] 3_riskedge (shallower >=60%)
  [FAIL] 4_return   (>= B&H net-to-net)
  [PASS] 5_activity (>=4 trades)
  [FAIL] 6_feestress(2-4 hold @1.5x)
  [FAIL] 7_beatsdaily(no daily pass -> =4)
  [FAIL] 8_holdout  (2-4 on final 120d)
  [FAIL] 9_notluck  (p<0.05 & SR>hurdle)
VERDICT: FAIL - control only
saved -> /Users/haroonrasheed/Projects/cryptobot/backtest/results/exam1h_s_volbrk_7_33_2026-08-02.csv
ledger -> /Users/haroonrasheed/Projects/cryptobot/backtest/results/exam_ledger.csv (timeframe=1h)
exit=0 done-s_volbrk_7_33
===== EXAM s_rsi14_reg33 =====
[criterion 9] permutation x200 ... (minutes)

=== HOURLY EXAM: s_rsi14_reg33 ===
main windows 120 (10 pairs, 10 dropped for gaps) | holdout windows 0 | trades 63
stitched +11.6% vs B&H +24969340.7% (net +23514880.9%)
Sharpe 0.19 vs luck hurdle 1.16 (K=56 trials) | permutation p=0.2139
  [PASS] 1_sample   (>=24 win, >=4 pairs)
  [PASS] 2_safety   (DD never worse)
  [PASS] 3_riskedge (shallower >=60%)
  [FAIL] 4_return   (>= B&H net-to-net)
  [PASS] 5_activity (>=4 trades)
  [FAIL] 6_feestress(2-4 hold @1.5x)
  [FAIL] 7_beatsdaily(no daily pass -> =4)
  [FAIL] 8_holdout  (2-4 on final 120d)
  [FAIL] 9_notluck  (p<0.05 & SR>hurdle)
VERDICT: FAIL - control only
saved -> /Users/haroonrasheed/Projects/cryptobot/backtest/results/exam1h_s_rsi14_reg33_2026-08-02.csv
ledger -> /Users/haroonrasheed/Projects/cryptobot/backtest/results/exam_ledger.csv (timeframe=1h)
exit=0 done-s_rsi14_reg33
===== EXAM s_boll_14 =====
[criterion 9] permutation x200 ... (minutes)

=== HOURLY EXAM: s_boll_14 ===
main windows 120 (10 pairs, 10 dropped for gaps) | holdout windows 0 | trades 3461
stitched +1987.3% vs B&H +34913724.2% (net +32880008.0%)
Sharpe 0.50 vs luck hurdle 1.16 (K=57 trials) | permutation p=0.0199
  [PASS] 1_sample   (>=24 win, >=4 pairs)
  [FAIL] 2_safety   (DD never worse)
  [PASS] 3_riskedge (shallower >=60%)
  [FAIL] 4_return   (>= B&H net-to-net)
  [PASS] 5_activity (>=4 trades)
  [FAIL] 6_feestress(2-4 hold @1.5x)
  [FAIL] 7_beatsdaily(no daily pass -> =4)
  [FAIL] 8_holdout  (2-4 on final 120d)
  [FAIL] 9_notluck  (p<0.05 & SR>hurdle)
VERDICT: FAIL - control only
saved -> /Users/haroonrasheed/Projects/cryptobot/backtest/results/exam1h_s_boll_14_2026-08-02.csv
ledger -> /Users/haroonrasheed/Projects/cryptobot/backtest/results/exam_ledger.csv (timeframe=1h)
exit=0 done-s_boll_14
===== EXAM s_calm_7_33 =====
[criterion 9] permutation x200 ... (minutes)

=== HOURLY EXAM: s_calm_7_33 ===
main windows 120 (10 pairs, 10 dropped for gaps) | holdout windows 0 | trades 7802
stitched +2453.5% vs B&H +24969340.7% (net +23514880.9%)
Sharpe 0.42 vs luck hurdle 1.17 (K=58 trials) | permutation p=0.1741
  [PASS] 1_sample   (>=24 win, >=4 pairs)
  [FAIL] 2_safety   (DD never worse)
  [PASS] 3_riskedge (shallower >=60%)
  [FAIL] 4_return   (>= B&H net-to-net)
  [PASS] 5_activity (>=4 trades)
  [FAIL] 6_feestress(2-4 hold @1.5x)
  [FAIL] 7_beatsdaily(no daily pass -> =4)
  [FAIL] 8_holdout  (2-4 on final 120d)
  [FAIL] 9_notluck  (p<0.05 & SR>hurdle)
VERDICT: FAIL - control only
saved -> /Users/haroonrasheed/Projects/cryptobot/backtest/results/exam1h_s_calm_7_33_2026-08-02.csv
ledger -> /Users/haroonrasheed/Projects/cryptobot/backtest/results/exam_ledger.csv (timeframe=1h)
exit=0 done-s_calm_7_33
===== EXAM s_nearhi_33 =====
[criterion 9] permutation x200 ... (minutes)

=== HOURLY EXAM: s_nearhi_33 ===
main windows 120 (10 pairs, 10 dropped for gaps) | holdout windows 0 | trades 2000
stitched +108057.0% vs B&H +18178008.1% (net +17119140.6%)
Sharpe 0.71 vs luck hurdle 1.17 (K=59 trials) | permutation p=0.2687
  [PASS] 1_sample   (>=24 win, >=4 pairs)
  [FAIL] 2_safety   (DD never worse)
  [FAIL] 3_riskedge (shallower >=60%)
  [FAIL] 4_return   (>= B&H net-to-net)
  [PASS] 5_activity (>=4 trades)
  [FAIL] 6_feestress(2-4 hold @1.5x)
  [FAIL] 7_beatsdaily(no daily pass -> =4)
  [FAIL] 8_holdout  (2-4 on final 120d)
  [FAIL] 9_notluck  (p<0.05 & SR>hurdle)
VERDICT: FAIL - control only
saved -> /Users/haroonrasheed/Projects/cryptobot/backtest/results/exam1h_s_nearhi_33_2026-08-02.csv
ledger -> /Users/haroonrasheed/Projects/cryptobot/backtest/results/exam_ledger.csv (timeframe=1h)
exit=0 done-s_nearhi_33
STOCK_BATCH_COMPLETE
PUSHED rc=0
